BL51 BANKED LINKER/LOCATER V6.22                                                        08/19/2014  19:44:31  PAGE 1


BL51 BANKED LINKER/LOCATER V6.22, INVOKED BY:
D:\PROGRAM FILES\KEIL\C51\BIN\BL51.EXE STARTUP.obj, delay.obj, ds1302.obj, IR.obj, key.obj, main.obj, meun.obj, TIME.obj
>> , video.obj TO 002 RAMSIZE (256)


MEMORY MODEL: SMALL


INPUT MODULES INCLUDED:
  STARTUP.obj (?C_STARTUP)
  delay.obj (DELAY)
  ds1302.obj (DS1302)
  IR.obj (IR)
  key.obj (KEY)
  main.obj (MAIN)
  meun.obj (MEUN)
  TIME.obj (TIME)
  video.obj (VIDEO)
  D:\PROGRAM FILES\KEIL\C51\LIB\C51S.LIB (?C_INIT)
  D:\PROGRAM FILES\KEIL\C51\LIB\C51S.LIB (?C?CLDPTR)
  D:\PROGRAM FILES\KEIL\C51\LIB\C51S.LIB (?C?CSTPTR)
  D:\PROGRAM FILES\KEIL\C51\LIB\C51S.LIB (?C?IMUL)
  D:\PROGRAM FILES\KEIL\C51\LIB\C51S.LIB (?C?UIDIV)
  D:\PROGRAM FILES\KEIL\C51\LIB\C51S.LIB (?C?SIDIV)


LINK MAP OF MODULE:  002 (?C_STARTUP)


            TYPE    BASE      LENGTH    RELOCATION   SEGMENT NAME
            -----------------------------------------------------

            * * * * * * *   D A T A   M E M O R Y   * * * * * * *
            REG     0000H     0008H     ABSOLUTE     "REG BANK 0"
            DATA    0008H     002AH     UNIT         _DATA_GROUP_
            DATA    0032H     000EH     UNIT         ?DT?DS1302
            DATA    0040H     0009H     UNIT         ?DT?IR
            DATA    0049H     0008H     UNIT         ?DT?FLASH_5?VIDEO
            DATA    0051H     0004H     UNIT         ?DT?KEY
            DATA    0055H     0004H     UNIT         ?DT?_ROLLDISPLAY?VIDEO
            DATA    0059H     0003H     UNIT         ?DT?DELAY
            DATA    005CH     0002H     UNIT         ?DT?_BOXTOLA?VIDEO
            DATA    005EH     0001H     UNIT         ?DT?_POKE?VIDEO
            DATA    005FH     0001H     UNIT         ?DT?VIDEO
            IDATA   0060H     0040H     UNIT         ?ID?VIDEO
            IDATA   00A0H     0001H     UNIT         ?STACK

            * * * * * * *  X D A T A   M E M O R Y  * * * * * * *
            XDATA   0000H     0021H     UNIT         ?XD?IR

            * * * * * * *   C O D E   M E M O R Y   * * * * * * *
            CODE    0000H     0003H     ABSOLUTE     
            CODE    0003H     0003H     ABSOLUTE     
            CODE    0006H     0003H     UNIT         ?PR?TIMER1?IR
                    0009H     0002H                  *** GAP ***
            CODE    000BH     0003H     ABSOLUTE     
            CODE    000EH     000DH     UNIT         ?PR?_ABSS?VIDEO
            CODE    001BH     0003H     ABSOLUTE     
BL51 BANKED LINKER/LOCATER V6.22                                                      08/19/2014  19:44:31  PAGE 2


            CODE    001EH     0426H     UNIT         ?PR?FLASH_5?VIDEO
            CODE    0444H     0404H     UNIT         ?PR?SETTIME?TIME
            CODE    0848H     03E8H     UNIT         ?PR?FLASH_9?VIDEO
            CODE    0C30H     03DBH     UNIT         ?PR?FLASH_10?VIDEO
            CODE    100BH     0247H     UNIT         ?PR?DISPLAY_TIME?TIME
            CODE    1252H     0233H     UNIT         ?PR?_BOX?VIDEO
            CODE    1485H     01F0H     UNIT         ?CO?TIME
            CODE    1675H     01D8H     UNIT         ?PR?FLASH_4?VIDEO
            CODE    184DH     0162H     UNIT         ?PR?_ROLL_3_XY?VIDEO
            CODE    19AFH     0153H     UNIT         ?CO?VIDEO
            CODE    1B02H     013AH     UNIT         ?PR?_LINE?VIDEO
            CODE    1C3CH     011BH     UNIT         ?PR?_ROLL_APEAK_XY?VIDEO
            CODE    1D57H     010FH     UNIT         ?PR?FLASH_7?VIDEO
            CODE    1E66H     0105H     UNIT         ?PR?FLASH_11?VIDEO
            CODE    1F6BH     00E2H     UNIT         ?PR?FLASH_3?VIDEO
            CODE    204DH     00D4H     UNIT         ?PR?_ROLL_APEAK_YZ?VIDEO
            CODE    2121H     00C8H     UNIT         ?C?LIB_CODE
            CODE    21E9H     00C5H     UNIT         ?PR?_TRANOUTCHAR?VIDEO
            CODE    22AEH     00B0H     UNIT         ?PR?_BOX_APEAK_XY?VIDEO
            CODE    235EH     009FH     UNIT         ?PR?_DISPLAY_SET?TIME
            CODE    23FDH     0099H     UNIT         ?PR?FLASH_2?VIDEO
            CODE    2496H     0090H     UNIT         ?PR?_BOXTOLA?VIDEO
            CODE    2526H     008CH     UNIT         ?C_C51STARTUP
            CODE    25B2H     008BH     UNIT         ?PR?FLASH_6?VIDEO
            CODE    263DH     0086H     UNIT         ?PR?VIDEO?VIDEO
            CODE    26C3H     0081H     UNIT         ?PR?MAIN?MAIN
            CODE    2744H     007CH     UNIT         ?PR?PRINT?VIDEO
            CODE    27C0H     006BH     UNIT         ?PR?FLASH_1?VIDEO
            CODE    282BH     006AH     UNIT         ?PR?_CIRP?VIDEO
            CODE    2895H     005AH     UNIT         ?PR?MEUN?MEUN
            CODE    28EFH     0056H     UNIT         ?PR?_ROLLDISPLAY?VIDEO
            CODE    2945H     0055H     UNIT         ?PR?_TRAILLER?VIDEO
            CODE    299AH     004EH     UNIT         ?PR?_READ_DS1302?DS1302
            CODE    29E8H     004CH     UNIT         ?PR?INT0?IR
            CODE    2A34H     0034H     UNIT         ?PR?_DISPLAY_MEUN?MEUN
            CODE    2A68H     0032H     UNIT         ?PR?IRPROS?IR
            CODE    2A9AH     0032H     UNIT         ?PR?_TRANS?VIDEO
            CODE    2ACCH     002DH     UNIT         ?PR?_MAX?VIDEO
            CODE    2AF9H     002DH     UNIT         ?PR?_TYPE?VIDEO
            CODE    2B26H     002CH     UNIT         ?PR?_POINT?VIDEO
            CODE    2B52H     002BH     UNIT         ?PR?SET_RTC?DS1302
            CODE    2B7DH     0028H     UNIT         ?PR?KEY_MOD?KEY
            CODE    2BA5H     0028H     UNIT         ?CO?MEUN
            CODE    2BCDH     0027H     UNIT         ?PR?_WRITE_DS1302_BYTE?DS1302
            CODE    2BF4H     0027H     UNIT         ?PR?_WRITE_DS1302?DS1302
            CODE    2C1BH     0024H     UNIT         ?PR?FLASH_8?VIDEO
            CODE    2C3FH     0022H     UNIT         ?PR?KEY_MEUN?KEY
            CODE    2C61H     0021H     UNIT         ?PR?KEY_2?KEY
            CODE    2C82H     0020H     UNIT         ?PR?KEY_NUM?KEY
            CODE    2CA2H     001FH     UNIT         ?PR?_POKE?VIDEO
            CODE    2CC1H     001EH     UNIT         ?PR?READ_RTC?DS1302
            CODE    2CDFH     001EH     UNIT         ?PR?TRANSSS?VIDEO
            CODE    2CFDH     001BH     UNIT         ?PR?_DELAY?VIDEO
            CODE    2D18H     001AH     UNIT         ?PR?INIT?MAIN
            CODE    2D32H     0019H     UNIT         ?PR?_JUDGEBIT?VIDEO
            CODE    2D4BH     0018H     UNIT         ?PR?TIMER1INIT?IR
            CODE    2D63H     0018H     UNIT         ?PR?_CLEAR?VIDEO
BL51 BANKED LINKER/LOCATER V6.22                                                      08/19/2014  19:44:31  PAGE 3


            CODE    2D7BH     0017H     UNIT         ?PR?_ABS?VIDEO
            CODE    2D92H     0016H     UNIT         ?PR?_DELAYMS?DELAY
            CODE    2DA8H     0016H     UNIT         ?PR?IR?IR
            CODE    2DBEH     0013H     UNIT         ?C_INITSEG
            CODE    2DD1H     000FH     UNIT         ?PR?_MAXT?VIDEO
            CODE    2DE0H     000EH     UNIT         ?CO?DS1302
            CODE    2DEEH     0009H     UNIT         ?PR?_DELAY50US?DELAY
            CODE    2DF7H     0009H     UNIT         ?PR?DELAY6US?DS1302
            CODE    2E00H     0009H     UNIT         ?PR?DS1302_INITIAL?DS1302
            CODE    2E09H     0009H     UNIT         ?PR?DELAY5US?VIDEO
            CODE    2E12H     0007H     UNIT         ?PR?INT0INIT?IR
            CODE    2E19H     0006H     UNIT         ?PR?DELAY4US?DS1302
            CODE    2E1FH     0006H     UNIT         ?PR?TIME?TIME
            CODE    2E25H     0006H     UNIT         ?PR?SINTER?VIDEO



OVERLAY MAP OF MODULE:   002 (?C_STARTUP)


SEGMENT                                 DATA_GROUP 
  +--> CALLED SEGMENT                 START    LENGTH
-----------------------------------------------------
?C_C51STARTUP                         -----    -----
  +--> ?PR?MAIN?MAIN
  +--> ?C_INITSEG

?PR?MAIN?MAIN                         -----    -----
  +--> ?PR?INIT?MAIN
  +--> ?PR?MEUN?MEUN
  +--> ?PR?TIME?TIME
  +--> ?PR?KEY_2?KEY
  +--> ?PR?IR?IR
  +--> ?PR?SETTIME?TIME
  +--> ?PR?VIDEO?VIDEO
  +--> ?PR?_DELAYMS?DELAY

?PR?INIT?MAIN                         -----    -----
  +--> ?PR?TIMER1INIT?IR
  +--> ?PR?INT0INIT?IR
  +--> ?PR?DS1302_INITIAL?DS1302

?PR?DS1302_INITIAL?DS1302             -----    -----
  +--> ?PR?DELAY6US?DS1302

?PR?MEUN?MEUN                         -----    -----
  +--> ?PR?_DISPLAY_MEUN?MEUN
  +--> ?PR?KEY_MEUN?KEY
  +--> ?PR?KEY_2?KEY
  +--> ?PR?IR?IR

?PR?_DISPLAY_MEUN?MEUN                0008H    0002H
  +--> ?CO?MEUN
  +--> ?PR?_DELAY50US?DELAY

?PR?KEY_MEUN?KEY                      -----    -----
  +--> ?PR?_DISPLAY_MEUN?MEUN
BL51 BANKED LINKER/LOCATER V6.22                                                      08/19/2014  19:44:31  PAGE 4



?PR?KEY_2?KEY                         -----    -----
  +--> ?PR?_DELAYMS?DELAY

?PR?IR?IR                             -----    -----
  +--> ?PR?IRPROS?IR

?PR?TIME?TIME                         -----    -----
  +--> ?PR?READ_RTC?DS1302
  +--> ?PR?DISPLAY_TIME?TIME

?PR?READ_RTC?DS1302                   000CH    0001H
  +--> ?CO?DS1302
  +--> ?PR?_READ_DS1302?DS1302

?PR?_READ_DS1302?DS1302               000DH    0003H
  +--> ?PR?DELAY6US?DS1302
  +--> ?PR?_WRITE_DS1302_BYTE?DS1302
  +--> ?PR?DELAY4US?DS1302

?PR?_WRITE_DS1302_BYTE?DS1302         0010H    0002H
  +--> ?PR?DELAY4US?DS1302

?PR?DISPLAY_TIME?TIME                 0008H    0008H
  +--> ?PR?KEY_MOD?KEY
  +--> ?PR?IR?IR
  +--> ?PR?_DELAYMS?DELAY
  +--> ?CO?TIME
  +--> ?PR?_DELAY50US?DELAY

?PR?KEY_MOD?KEY                       -----    -----
  +--> ?PR?_DELAYMS?DELAY

?PR?SETTIME?TIME                      0008H    0004H
  +--> ?PR?READ_RTC?DS1302
  +--> ?PR?KEY_NUM?KEY
  +--> ?PR?IR?IR
  +--> ?PR?_DISPLAY_SET?TIME
  +--> ?PR?KEY_2?KEY
  +--> ?CO?TIME
  +--> ?PR?_DELAY50US?DELAY
  +--> ?PR?SET_RTC?DS1302

?PR?KEY_NUM?KEY                       -----    -----
  +--> ?PR?_DELAYMS?DELAY

?PR?_DISPLAY_SET?TIME                 000CH    0004H
  +--> ?CO?TIME
  +--> ?PR?_DELAY50US?DELAY

?PR?SET_RTC?DS1302                    000CH    0001H
  +--> ?PR?_WRITE_DS1302?DS1302
  +--> ?CO?DS1302

?PR?_WRITE_DS1302?DS1302              000DH    0002H
  +--> ?PR?DELAY6US?DS1302
  +--> ?PR?_WRITE_DS1302_BYTE?DS1302
BL51 BANKED LINKER/LOCATER V6.22                                                      08/19/2014  19:44:31  PAGE 5



?PR?VIDEO?VIDEO                       -----    -----
  +--> ?PR?SINTER?VIDEO
  +--> ?PR?_CLEAR?VIDEO
  +--> ?CO?VIDEO
  +--> ?PR?FLASH_2?VIDEO
  +--> ?PR?FLASH_3?VIDEO
  +--> ?PR?FLASH_4?VIDEO
  +--> ?PR?FLASH_6?VIDEO
  +--> ?PR?FLASH_7?VIDEO
  +--> ?PR?FLASH_8?VIDEO
  +--> ?PR?FLASH_9?VIDEO
  +--> ?PR?FLASH_10?VIDEO
  +--> ?PR?FLASH_11?VIDEO

?PR?FLASH_2?VIDEO                     0008H    0001H
  +--> ?PR?_CIRP?VIDEO
  +--> ?PR?_DELAY?VIDEO

?PR?_CIRP?VIDEO                       -----    -----
  +--> ?CO?VIDEO
  +--> ?PR?_POINT?VIDEO

?PR?_POINT?VIDEO                      002EH    0004H

?PR?_DELAY?VIDEO                      -----    -----
  +--> ?PR?TRANSSS?VIDEO
  +--> ?PR?DELAY5US?VIDEO

?PR?FLASH_3?VIDEO                     0008H    0001H
  +--> ?PR?_BOX_APEAK_XY?VIDEO
  +--> ?PR?_DELAY?VIDEO

?PR?_BOX_APEAK_XY?VIDEO               0017H    0009H
  +--> ?PR?_MAX?VIDEO
  +--> ?PR?_LINE?VIDEO

?PR?_MAX?VIDEO                        0020H    0006H

?PR?_LINE?VIDEO                       0020H    000EH
  +--> ?CO?VIDEO
  +--> ?PR?_ABSS?VIDEO
  +--> ?PR?_MAXT?VIDEO
  +--> ?PR?_ABS?VIDEO
  +--> ?PR?_POINT?VIDEO

?PR?FLASH_4?VIDEO                     0008H    000AH
  +--> ?PR?_LINE?VIDEO
  +--> ?PR?_DELAY?VIDEO

?PR?FLASH_6?VIDEO                     0008H    0002H
  +--> ?PR?_ROLL_APEAK_YZ?VIDEO
  +--> ?CO?VIDEO
  +--> ?PR?_POINT?VIDEO
  +--> ?PR?_DELAY?VIDEO
  +--> ?PR?_TRANS?VIDEO

BL51 BANKED LINKER/LOCATER V6.22                                                      08/19/2014  19:44:31  PAGE 6


?PR?_ROLL_APEAK_YZ?VIDEO              -----    -----
  +--> ?PR?_DELAY?VIDEO

?PR?_TRANS?VIDEO                      000AH    0002H
  +--> ?PR?_DELAY?VIDEO

?PR?FLASH_7?VIDEO                     0008H    0003H
  +--> ?PR?_ROLL_APEAK_YZ?VIDEO
  +--> ?PR?_ROLL_APEAK_XY?VIDEO
  +--> ?PR?_BOX_APEAK_XY?VIDEO
  +--> ?PR?_DELAY?VIDEO
  +--> ?PR?_ROLL_3_XY?VIDEO

?PR?_ROLL_APEAK_XY?VIDEO              0017H    0001H
  +--> ?PR?_LINE?VIDEO
  +--> ?PR?_DELAY?VIDEO

?PR?_ROLL_3_XY?VIDEO                  000BH    0003H
  +--> ?PR?_DELAY?VIDEO
  +--> ?PR?_BOX_APEAK_XY?VIDEO

?PR?FLASH_8?VIDEO                     0008H    0001H
  +--> ?PR?_TRANOUTCHAR?VIDEO
  +--> ?PR?_DELAY?VIDEO

?PR?_TRANOUTCHAR?VIDEO                0009H    0005H
  +--> ?PR?_BOX_APEAK_XY?VIDEO
  +--> ?CO?VIDEO
  +--> ?PR?_DELAY?VIDEO

?PR?FLASH_9?VIDEO                     0008H    000FH
  +--> ?PR?_BOX_APEAK_XY?VIDEO
  +--> ?PR?_DELAY?VIDEO
  +--> ?PR?_ROLL_APEAK_XY?VIDEO
  +--> ?PR?_LINE?VIDEO
  +--> ?PR?_CLEAR?VIDEO
  +--> ?CO?VIDEO
  +--> ?PR?_BOX?VIDEO

?PR?_BOX?VIDEO                        0017H    0009H
  +--> ?CO?VIDEO
  +--> ?PR?_MAX?VIDEO

?PR?FLASH_10?VIDEO                    0008H    0009H
  +--> ?PR?_CLEAR?VIDEO
  +--> ?PR?_BOX?VIDEO
  +--> ?PR?_DELAY?VIDEO
  +--> ?CO?VIDEO

?PR?FLASH_11?VIDEO                    0008H    0005H
  +--> ?CO?VIDEO
  +--> ?PR?_LINE?VIDEO
  +--> ?PR?_DELAY?VIDEO
  +--> ?PR?_BOX_APEAK_XY?VIDEO
  +--> ?PR?_POINT?VIDEO

*** NEW ROOT ***************************************************
BL51 BANKED LINKER/LOCATER V6.22                                                      08/19/2014  19:44:31  PAGE 7



?PR?PRINT?VIDEO                       -----    -----
  +--> ?PR?_DELAY?VIDEO



SYMBOL TABLE OF MODULE:  002 (?C_STARTUP)

  VALUE           TYPE          NAME
  ----------------------------------

  -------         MODULE        ?C_STARTUP
  C:2526H         SEGMENT       ?C_C51STARTUP
  I:00A0H         SEGMENT       ?STACK
  C:0000H         PUBLIC        ?C_STARTUP
  D:00E0H         SYMBOL        ACC
  D:00F0H         SYMBOL        B
  D:0083H         SYMBOL        DPH
  D:0082H         SYMBOL        DPL
  N:0000H         SYMBOL        IBPSTACK
  N:0100H         SYMBOL        IBPSTACKTOP
  N:0080H         SYMBOL        IDATALEN
  C:2529H         SYMBOL        IDATALOOP
  N:0000H         SYMBOL        PBPSTACK
  N:0100H         SYMBOL        PBPSTACKTOP
  N:0000H         SYMBOL        PDATALEN
  N:0000H         SYMBOL        PDATASTART
  N:0000H         SYMBOL        PPAGE
  N:0000H         SYMBOL        PPAGEENABLE
  D:00A0H         SYMBOL        PPAGE_SFR
  D:0081H         SYMBOL        SP
  C:2526H         SYMBOL        STARTUP1
  N:0000H         SYMBOL        XBPSTACK
  N:0000H         SYMBOL        XBPSTACKTOP
  N:0000H         SYMBOL        XDATALEN
  N:0000H         SYMBOL        XDATASTART
  C:0000H         LINE#         126
  C:2526H         LINE#         133
  C:2528H         LINE#         134
  C:2529H         LINE#         135
  C:252AH         LINE#         136
  C:252CH         LINE#         185
  C:252FH         LINE#         196
  -------         ENDMOD        ?C_STARTUP

  -------         MODULE        DELAY
  C:0000H         SYMBOL        _ICE_DUMMY_
  C:2DEEH         PUBLIC        _delay50us
  D:0059H         PUBLIC        i
  D:005AH         PUBLIC        j
  D:005BH         PUBLIC        k
  C:2D92H         PUBLIC        _delayms
  -------         PROC          _DELAYMS
  D:0007H         SYMBOL        k
  C:2D92H         LINE#         5
  C:2D92H         LINE#         6
  C:2D92H         LINE#         8
BL51 BANKED LINKER/LOCATER V6.22                                                      08/19/2014  19:44:31  PAGE 8


  C:2D95H         LINE#         9
  C:2D98H         LINE#         10
  C:2D9EH         LINE#         11
  C:2D9EH         LINE#         13
  C:2D9EH         LINE#         14
  C:2DA1H         LINE#         15
  C:2DA4H         LINE#         16
  C:2DA7H         LINE#         17
  -------         ENDPROC       _DELAYMS
  -------         PROC          _DELAY50US
  D:0007H         SYMBOL        i
  C:2DEEH         LINE#         19
  C:2DEEH         LINE#         20
  C:2DEEH         LINE#         22
  C:2DF1H         LINE#         24
  C:2DF1H         LINE#         25
  C:2DF4H         LINE#         26
  C:2DF6H         LINE#         27
  -------         ENDPROC       _DELAY50US
  -------         ENDMOD        DELAY

  -------         MODULE        DS1302
  C:0000H         SYMBOL        _ICE_DUMMY_
  D:00B0H         PUBLIC        P3
  C:2E00H         PUBLIC        DS1302_Initial
  D:00A8H         PUBLIC        IE
  D:00B8H         PUBLIC        IP
  C:299AH         PUBLIC        _read_ds1302
  D:00D8H         PUBLIC        CCON
  C:2DE7H         PUBLIC        read_add
  C:2BF4H         PUBLIC        _write_ds1302
  C:2E19H         PUBLIC        delay4us
  C:2DF7H         PUBLIC        delay6us
  D:0098H         PUBLIC        SCON
  D:0088H         PUBLIC        TCON
  C:2DE0H         PUBLIC        write_add
  B:00B0H.7       PUBLIC        sck
  C:2BCDH         PUBLIC        _write_ds1302_byte
  C:2CC1H         PUBLIC        read_rtc
  D:0032H         PUBLIC        now
  B:00B0H.6       PUBLIC        io
  B:00B0H.5       PUBLIC        rst
  D:0039H         PUBLIC        time_set
  C:2B52H         PUBLIC        set_rtc
  D:00D0H         PUBLIC        PSW
  -------         PROC          _WRITE_DS1302_BYTE
  D:0010H         SYMBOL        dat
  -------         DO            
  D:0011H         SYMBOL        i
  -------         ENDDO         
  C:2BCDH         LINE#         44
  C:2BCFH         LINE#         45
  C:2BCFH         LINE#         47
  C:2BD2H         LINE#         48
  C:2BD2H         LINE#         50
  C:2BD5H         LINE#         51
  C:2BDAH         LINE#         52
BL51 BANKED LINKER/LOCATER V6.22                                                      08/19/2014  19:44:31  PAGE 9


  C:2BE0H         LINE#         53
  C:2BE2H         LINE#         54
  C:2BE5H         LINE#         55
  C:2BE7H         LINE#         56
  C:2BEAH         LINE#         57
  C:2BF3H         LINE#         58
  -------         ENDPROC       _WRITE_DS1302_BYTE
  -------         PROC          _WRITE_DS1302
  D:000DH         SYMBOL        add
  D:000EH         SYMBOL        dat
  C:2BF4H         LINE#         61
  C:2BF8H         LINE#         62
  C:2BF8H         LINE#         63
  C:2BFAH         LINE#         64
  C:2BFDH         LINE#         65
  C:2BFFH         LINE#         66
  C:2C02H         LINE#         67
  C:2C04H         LINE#         68
  C:2C07H         LINE#         69
  C:2C0CH         LINE#         70
  C:2C11H         LINE#         71
  C:2C13H         LINE#         72
  C:2C16H         LINE#         73
  C:2C18H         LINE#         74
  C:2C1AH         LINE#         75
  -------         ENDPROC       _WRITE_DS1302
  -------         PROC          _READ_DS1302
  D:000DH         SYMBOL        add
  -------         DO            
  D:000EH         SYMBOL        i
  D:000FH         SYMBOL        value
  -------         ENDDO         
  C:299AH         LINE#         79
  C:299CH         LINE#         80
  C:299CH         LINE#         81
  C:299FH         LINE#         82
  C:29A1H         LINE#         83
  C:29A4H         LINE#         84
  C:29A6H         LINE#         85
  C:29A9H         LINE#         86
  C:29ABH         LINE#         87
  C:29ADH         LINE#         88
  C:29B0H         LINE#         89
  C:29B5H         LINE#         90
  C:29B8H         LINE#         91
  C:29B8H         LINE#         92
  C:29BEH         LINE#         93
  C:29C0H         LINE#         95
  C:29C8H         LINE#         96
  C:29C9H         LINE#         97
  C:29CBH         LINE#         98
  C:29CEH         LINE#         99
  C:29D7H         LINE#         100
  C:29D9H         LINE#         101
  C:29DCH         LINE#         102
  C:29DEH         LINE#         103
  C:29E1H         LINE#         104
BL51 BANKED LINKER/LOCATER V6.22                                                      08/19/2014  19:44:31  PAGE 10


  C:29E3H         LINE#         105
  C:29E5H         LINE#         106
  C:29E7H         LINE#         107
  -------         ENDPROC       _READ_DS1302
  -------         PROC          SET_RTC
  -------         DO            
  D:000CH         SYMBOL        i
  -------         ENDDO         
  C:2B52H         LINE#         110
  C:2B52H         LINE#         111
  C:2B52H         LINE#         113
  C:2B59H         LINE#         114
  C:2B5CH         LINE#         115
  C:2B5CH         LINE#         116
  C:2B6DH         LINE#         117
  C:2B76H         LINE#         119
  -------         ENDPROC       SET_RTC
  -------         PROC          READ_RTC
  -------         DO            
  D:000CH         SYMBOL        i
  -------         ENDDO         
  C:2CC1H         LINE#         123
  C:2CC1H         LINE#         124
  C:2CC1H         LINE#         126
  C:2CC4H         LINE#         127
  C:2CC4H         LINE#         128
  C:2CD5H         LINE#         129
  C:2CDEH         LINE#         131
  -------         ENDPROC       READ_RTC
  -------         PROC          DELAY6US
  C:2DF7H         LINE#         141
  C:2DF7H         LINE#         142
  C:2DF7H         LINE#         143
  C:2DF8H         LINE#         144
  C:2DF9H         LINE#         145
  C:2DFAH         LINE#         146
  C:2DFBH         LINE#         147
  C:2DFCH         LINE#         148
  C:2DFDH         LINE#         149
  C:2DFEH         LINE#         150
  C:2DFFH         LINE#         151
  -------         ENDPROC       DELAY6US
  -------         PROC          DELAY4US
  C:2E19H         LINE#         154
  C:2E19H         LINE#         155
  C:2E19H         LINE#         156
  C:2E1AH         LINE#         157
  C:2E1BH         LINE#         158
  C:2E1CH         LINE#         159
  C:2E1DH         LINE#         160
  C:2E1EH         LINE#         161
  -------         ENDPROC       DELAY4US
  -------         PROC          DS1302_INITIAL
  C:2E00H         LINE#         190
  C:2E00H         LINE#         191
  C:2E00H         LINE#         192
  C:2E02H         LINE#         193
BL51 BANKED LINKER/LOCATER V6.22                                                      08/19/2014  19:44:31  PAGE 11


  C:2E04H         LINE#         194
  C:2E06H         LINE#         195
  -------         ENDPROC       DS1302_INITIAL
  -------         ENDMOD        DS1302

  -------         MODULE        IR
  C:0000H         SYMBOL        _ICE_DUMMY_
  D:0040H         PUBLIC        irprosok
  D:00B0H         PUBLIC        P3
  B:00A8H.7       PUBLIC        EA
  D:0041H         PUBLIC        irtime
  D:00A8H         PUBLIC        IE
  D:0042H         PUBLIC        bitnum
  D:00B8H         PUBLIC        IP
  C:2A68H         PUBLIC        irpros
  D:00D8H         PUBLIC        CCON
  D:0043H         PUBLIC        start
  C:2E12H         PUBLIC        int0init
  D:0098H         PUBLIC        SCON
  D:0089H         PUBLIC        TMOD
  D:0088H         PUBLIC        TCON
  D:0044H         PUBLIC        irok
  D:008EH         PUBLIC        AUXR
  B:00A8H.3       PUBLIC        ET1
  B:0088H.7       PUBLIC        TF1
  C:2D4BH         PUBLIC        Timer1Init
  D:008DH         PUBLIC        TH1
  B:0088H.0       PUBLIC        IT0
  B:00A8H.0       PUBLIC        EX0
  D:008BH         PUBLIC        TL1
  C:0006H         PUBLIC        timer1
  B:0088H.6       PUBLIC        TR1
  C:2DA8H         PUBLIC        ir
  X:0000H         PUBLIC        irdata
  D:0045H         PUBLIC        ircode
  D:00D0H         PUBLIC        PSW
  C:29E8H         PUBLIC        int0
  -------         PROC          TIMER1INIT
  C:2D4BH         LINE#         25
  C:2D4BH         LINE#         26
  C:2D4BH         LINE#         27
  C:2D4EH         LINE#         28
  C:2D51H         LINE#         29
  C:2D54H         LINE#         30
  C:2D57H         LINE#         31
  C:2D5AH         LINE#         32
  C:2D5CH         LINE#         33
  C:2D5EH         LINE#         34
  C:2D60H         LINE#         35
  C:2D62H         LINE#         37
  -------         ENDPROC       TIMER1INIT
  -------         PROC          INT0INIT
  C:2E12H         LINE#         39
  C:2E12H         LINE#         40
  C:2E12H         LINE#         41
  C:2E14H         LINE#         42
  C:2E16H         LINE#         43
BL51 BANKED LINKER/LOCATER V6.22                                                      08/19/2014  19:44:31  PAGE 12


  C:2E18H         LINE#         44
  -------         ENDPROC       INT0INIT
  -------         PROC          IR
  C:2DA8H         LINE#         48
  C:2DA8H         LINE#         49
  C:2DA8H         LINE#         50
  C:2DAAH         LINE#         51
  C:2DAFH         LINE#         52
  C:2DAFH         LINE#         53
  C:2DB2H         LINE#         54
  C:2DB5H         LINE#         55
  C:2DB5H         LINE#         56
  C:2DBAH         LINE#         57
  C:2DBAH         LINE#         58
  C:2DBDH         LINE#         59
  C:2DBDH         LINE#         60
  -------         ENDPROC       IR
  -------         PROC          TIMER1
  C:0006H         LINE#         65
  C:0006H         LINE#         67
  C:0008H         LINE#         68
  -------         ENDPROC       TIMER1
  -------         PROC          IRPROS
  -------         DO            
  D:0004H         SYMBOL        i
  D:0005H         SYMBOL        j
  D:0006H         SYMBOL        k
  D:0007H         SYMBOL        value
  -------         ENDDO         
  C:2A68H         LINE#         73
  C:2A68H         LINE#         74
  C:2A68H         LINE#         76
  C:2A6AH         LINE#         77
  C:2A6CH         LINE#         78
  C:2A6CH         LINE#         79
  C:2A6EH         LINE#         80
  C:2A6EH         LINE#         81
  C:2A72H         LINE#         82
  C:2A82H         LINE#         83
  C:2A82H         LINE#         84
  C:2A85H         LINE#         85
  C:2A85H         LINE#         87
  C:2A86H         LINE#         88
  C:2A8AH         LINE#         89
  C:2A90H         LINE#         90
  C:2A94H         LINE#         91
  C:2A97H         LINE#         92
  C:2A99H         LINE#         93
  -------         ENDPROC       IRPROS
  -------         PROC          INT0
  C:29E8H         LINE#         96
  C:29F0H         LINE#         99
  C:29F6H         LINE#         100
  C:29F6H         LINE#         101
  C:29FDH         LINE#         103
  C:29FDH         LINE#         104
  C:2A00H         LINE#         105
BL51 BANKED LINKER/LOCATER V6.22                                                      08/19/2014  19:44:31  PAGE 13


  C:2A00H         LINE#         106
  C:2A0EH         LINE#         107
  C:2A11H         LINE#         108
  C:2A13H         LINE#         109
  C:2A18H         LINE#         110
  C:2A18H         LINE#         111
  C:2A1BH         LINE#         112
  C:2A1EH         LINE#         113
  C:2A21H         LINE#         114
  C:2A23H         LINE#         116
  C:2A23H         LINE#         118
  C:2A25H         LINE#         120
  C:2A25H         LINE#         121
  C:2A28H         LINE#         123
  C:2A2BH         LINE#         124
  C:2A2BH         LINE#         125
  -------         ENDPROC       INT0
  -------         ENDMOD        IR

  -------         MODULE        KEY
  C:0000H         SYMBOL        _ICE_DUMMY_
  D:00B0H         PUBLIC        P3
  D:00A8H         PUBLIC        IE
  D:00B8H         PUBLIC        IP
  D:0051H         PUBLIC        flag
  D:0052H         PUBLIC        k2
  D:00D8H         PUBLIC        CCON
  D:0098H         PUBLIC        SCON
  D:0088H         PUBLIC        TCON
  D:0053H         PUBLIC        mod
  D:0054H         PUBLIC        num
  C:2C61H         PUBLIC        key_2
  C:2C3FH         PUBLIC        key_meun
  C:2B7DH         PUBLIC        key_mod
  D:00D0H         PUBLIC        PSW
  B:00B0H.3       PUBLIC        key1
  C:2C82H         PUBLIC        key_num
  B:00B0H.4       PUBLIC        key2
  -------         PROC          KEY_MEUN
  C:2C3FH         LINE#         19
  C:2C3FH         LINE#         20
  C:2C3FH         LINE#         21
  C:2C41H         LINE#         22
  C:2C42H         LINE#         23
  C:2C43H         LINE#         24
  C:2C44H         LINE#         25
  C:2C45H         LINE#         26
  C:2C46H         LINE#         27
  C:2C49H         LINE#         28
  C:2C49H         LINE#         29
  C:2C4EH         LINE#         30
  C:2C51H         LINE#         31
  C:2C51H         LINE#         32
  C:2C54H         LINE#         33
  C:2C54H         LINE#         34
  C:2C59H         LINE#         35
  C:2C5BH         LINE#         36
BL51 BANKED LINKER/LOCATER V6.22                                                      08/19/2014  19:44:31  PAGE 14


  C:2C5DH         LINE#         37
  C:2C60H         LINE#         38
  C:2C60H         LINE#         39
  C:2C60H         LINE#         40
  -------         ENDPROC       KEY_MEUN
  -------         PROC          KEY_2
  C:2C61H         LINE#         42
  C:2C61H         LINE#         43
  C:2C61H         LINE#         45
  C:2C63H         LINE#         46
  C:2C64H         LINE#         47
  C:2C65H         LINE#         48
  C:2C66H         LINE#         49
  C:2C67H         LINE#         50
  C:2C68H         LINE#         51
  C:2C6BH         LINE#         52
  C:2C6BH         LINE#         53
  C:2C70H         LINE#         54
  C:2C73H         LINE#         55
  C:2C73H         LINE#         56
  C:2C76H         LINE#         57
  C:2C7BH         LINE#         58
  C:2C7EH         LINE#         59
  C:2C81H         LINE#         60
  C:2C81H         LINE#         61
  C:2C81H         LINE#         62
  -------         ENDPROC       KEY_2
  -------         PROC          KEY_MOD
  C:2B7DH         LINE#         63
  C:2B7DH         LINE#         64
  C:2B7DH         LINE#         65
  C:2B7FH         LINE#         66
  C:2B80H         LINE#         67
  C:2B81H         LINE#         68
  C:2B82H         LINE#         69
  C:2B83H         LINE#         70
  C:2B84H         LINE#         71
  C:2B87H         LINE#         72
  C:2B87H         LINE#         73
  C:2B8CH         LINE#         74
  C:2B8FH         LINE#         75
  C:2B8FH         LINE#         76
  C:2B92H         LINE#         77
  C:2B97H         LINE#         78
  C:2B9AH         LINE#         79
  C:2B9CH         LINE#         80
  C:2BA4H         LINE#         81
  C:2BA4H         LINE#         82
  C:2BA4H         LINE#         83
  -------         ENDPROC       KEY_MOD
  -------         PROC          KEY_NUM
  C:2C82H         LINE#         85
  C:2C82H         LINE#         86
  C:2C82H         LINE#         87
  C:2C84H         LINE#         88
  C:2C85H         LINE#         89
  C:2C86H         LINE#         90
BL51 BANKED LINKER/LOCATER V6.22                                                      08/19/2014  19:44:31  PAGE 15


  C:2C87H         LINE#         91
  C:2C88H         LINE#         92
  C:2C89H         LINE#         93
  C:2C8CH         LINE#         94
  C:2C8CH         LINE#         95
  C:2C91H         LINE#         96
  C:2C94H         LINE#         97
  C:2C94H         LINE#         98
  C:2C97H         LINE#         99
  C:2C9CH         LINE#         100
  C:2C9FH         LINE#         101
  C:2CA1H         LINE#         102
  C:2CA1H         LINE#         103
  C:2CA1H         LINE#         104
  -------         ENDPROC       KEY_NUM
  -------         ENDMOD        KEY

  -------         MODULE        MAIN
  C:0000H         SYMBOL        _ICE_DUMMY_
  D:0092H         PUBLIC        P1M0
  D:0096H         PUBLIC        P2M0
  D:00B4H         PUBLIC        P4M0
  D:00B0H         PUBLIC        P3
  D:00C0H         PUBLIC        P4
  D:00A8H         PUBLIC        IE
  D:00B8H         PUBLIC        IP
  D:00D8H         PUBLIC        CCON
  C:26C3H         PUBLIC        main
  D:0087H         PUBLIC        PCON
  D:0098H         PUBLIC        SCON
  D:0088H         PUBLIC        TCON
  C:2D18H         PUBLIC        init
  B:00A8H.1       PUBLIC        ET0
  B:00A8H.3       PUBLIC        ET1
  B:0088H.4       PUBLIC        TR0
  D:00D0H         PUBLIC        PSW
  D:0094H         PUBLIC        P0M0
  -------         PROC          MAIN
  C:26C3H         LINE#         16
  C:26C3H         LINE#         17
  C:26C3H         LINE#         18
  C:26C6H         LINE#         19
  C:26C9H         LINE#         20
  C:26CCH         LINE#         21
  C:26CCH         LINE#         22
  C:26CCH         LINE#         23
  C:26CFH         LINE#         24
  C:26D2H         LINE#         25
  C:26D5H         LINE#         26
  C:26D9H         LINE#         27
  C:26D9H         LINE#         28
  C:26D9H         LINE#         29
  C:26D9H         LINE#         30
  C:26DCH         LINE#         31
  C:26DFH         LINE#         32
  C:26E2H         LINE#         33
  C:26EAH         LINE#         34
BL51 BANKED LINKER/LOCATER V6.22                                                      08/19/2014  19:44:31  PAGE 16


  C:26EDH         LINE#         35
  C:26F2H         LINE#         37
  C:26F2H         LINE#         38
  C:26FAH         LINE#         41
  C:26FFH         LINE#         42
  C:26FFH         LINE#         43
  C:26FFH         LINE#         44
  C:26FFH         LINE#         45
  C:2702H         LINE#         46
  C:2704H         LINE#         47
  C:2706H         LINE#         48
  C:2709H         LINE#         49
  C:270CH         LINE#         50
  C:2714H         LINE#         51
  C:2717H         LINE#         52
  C:271CH         LINE#         54
  C:271CH         LINE#         55
  C:2722H         LINE#         56
  C:2722H         LINE#         57
  C:2727H         LINE#         58
  C:272AH         LINE#         59
  C:272CH         LINE#         60
  C:272FH         LINE#         61
  C:2730H         LINE#         62
  C:2731H         LINE#         63
  C:2732H         LINE#         64
  C:2733H         LINE#         65
  C:2734H         LINE#         66
  C:2738H         LINE#         67
  C:273DH         LINE#         68
  C:2740H         LINE#         69
  C:2742H         LINE#         70
  C:2742H         LINE#         72
  -------         ENDPROC       MAIN
  -------         PROC          INIT
  C:2D18H         LINE#         76
  C:2D18H         LINE#         77
  C:2D18H         LINE#         78
  C:2D1BH         LINE#         79
  C:2D1EH         LINE#         80
  C:2D21H         LINE#         82
  C:2D24H         LINE#         83
  C:2D27H         LINE#         84
  C:2D2AH         LINE#         85
  C:2D2DH         LINE#         86
  C:2D2FH         LINE#         87
  C:2D31H         LINE#         88
  -------         ENDPROC       INIT
  -------         ENDMOD        MAIN

  -------         MODULE        MEUN
  C:0000H         SYMBOL        _ICE_DUMMY_
  D:0080H         PUBLIC        P0
  D:0090H         PUBLIC        P1
  D:00A0H         PUBLIC        P2
  D:00B0H         PUBLIC        P3
  D:00A8H         PUBLIC        IE
BL51 BANKED LINKER/LOCATER V6.22                                                      08/19/2014  19:44:31  PAGE 17


  C:2A34H         PUBLIC        _display_meun
  C:2BA5H         PUBLIC        meuna
  D:00B8H         PUBLIC        IP
  D:00D8H         PUBLIC        CCON
  D:0098H         PUBLIC        SCON
  D:0088H         PUBLIC        TCON
  C:2895H         PUBLIC        meun
  C:2BC5H         PUBLIC        uln
  D:00D0H         PUBLIC        PSW
  -------         PROC          MEUN
  C:2895H         LINE#         26
  C:2895H         LINE#         27
  C:2895H         LINE#         28
  C:2895H         LINE#         29
  C:2895H         LINE#         30
  C:289AH         LINE#         31
  C:289DH         LINE#         32
  C:28A0H         LINE#         33
  C:28A3H         LINE#         34
  C:28AAH         LINE#         35
  C:28AFH         LINE#         36
  C:28AFH         LINE#         37
  C:28B8H         LINE#         38
  C:28BAH         LINE#         39
  C:28BAH         LINE#         40
  C:28BDH         LINE#         41
  C:28C5H         LINE#         42
  C:28CDH         LINE#         43
  C:28D5H         LINE#         44
  C:28DDH         LINE#         45
  C:28E5H         LINE#         46
  C:28E8H         LINE#         47
  -------         ENDPROC       MEUN
  -------         PROC          _DISPLAY_MEUN
  D:0007H         SYMBOL        flag
  -------         DO            
  D:0008H         SYMBOL        i
  D:0009H         SYMBOL        j
  -------         ENDDO         
  C:2A34H         LINE#         51
  C:2A34H         LINE#         52
  C:2A34H         LINE#         54
  C:2A3BH         LINE#         55
  C:2A3EH         LINE#         56
  C:2A3EH         LINE#         57
  C:2A41H         LINE#         58
  C:2A49H         LINE#         59
  C:2A51H         LINE#         60
  C:2A54H         LINE#         61
  C:2A56H         LINE#         62
  C:2A5BH         LINE#         63
  C:2A5EH         LINE#         64
  C:2A67H         LINE#         70
  -------         ENDPROC       _DISPLAY_MEUN
  -------         ENDMOD        MEUN

  -------         MODULE        TIME
BL51 BANKED LINKER/LOCATER V6.22                                                      08/19/2014  19:44:31  PAGE 18


  C:0000H         SYMBOL        _ICE_DUMMY_
  C:0444H         PUBLIC        settime
  D:0080H         PUBLIC        P0
  D:0090H         PUBLIC        P1
  C:166DH         PUBLIC        uln1
  D:00A0H         PUBLIC        P2
  D:00B0H         PUBLIC        P3
  D:00C0H         PUBLIC        P4
  C:100BH         PUBLIC        display_time
  D:00A8H         PUBLIC        IE
  D:00B8H         PUBLIC        IP
  C:1485H         PUBLIC        time_set_chinese
  D:00D8H         PUBLIC        CCON
  C:235EH         PUBLIC        _display_set
  C:2E1FH         PUBLIC        time
  D:0087H         PUBLIC        PCON
  D:0098H         PUBLIC        SCON
  D:0088H         PUBLIC        TCON
  B:00A8H.3       PUBLIC        ET1
  C:156DH         PUBLIC        miao1
  C:159DH         PUBLIC        miao2
  C:15EDH         PUBLIC        fen1
  C:161DH         PUBLIC        fen2
  C:14CDH         PUBLIC        shi1
  C:151DH         PUBLIC        shi2
  D:00D0H         PUBLIC        PSW
  -------         PROC          TIME
  C:2E1FH         LINE#         103
  C:2E1FH         LINE#         104
  C:2E1FH         LINE#         105
  C:2E22H         LINE#         106
  -------         ENDPROC       TIME
  -------         PROC          SETTIME
  -------         DO            
  D:0008H         SYMBOL        i
  D:0009H         SYMBOL        j
  D:000AH         SYMBOL        k
  D:000BH         SYMBOL        t
  -------         ENDDO         
  C:0444H         LINE#         111
  C:0444H         LINE#         112
  C:0444H         LINE#         113
  C:0447H         LINE#         114
  C:0449H         LINE#         115
  C:044BH         LINE#         116
  C:044EH         LINE#         117
  C:0451H         LINE#         118
  C:0451H         LINE#         119
  C:045FH         LINE#         120
  C:0466H         LINE#         121
  C:0466H         LINE#         122
  C:0466H         LINE#         124
  C:046DH         LINE#         125
  C:046DH         LINE#         126
  C:0473H         LINE#         127
  C:047AH         LINE#         128
  C:0482H         LINE#         129
BL51 BANKED LINKER/LOCATER V6.22                                                      08/19/2014  19:44:31  PAGE 19


  C:0485H         LINE#         130
  C:0488H         LINE#         131
  C:048FH         LINE#         132
  C:0496H         LINE#         133
  C:0499H         LINE#         134
  C:04A1H         LINE#         135
  C:04A9H         LINE#         136
  C:04B2H         LINE#         137
  C:04BAH         LINE#         138
  C:04C1H         LINE#         139
  C:04C6H         LINE#         140
  C:04C9H         LINE#         141
  C:04CCH         LINE#         142
  C:04D3H         LINE#         143
  C:04DAH         LINE#         144
  C:04E1H         LINE#         145
  C:04E4H         LINE#         146
  C:04ECH         LINE#         147
  C:04F4H         LINE#         148
  C:04F4H         LINE#         149
  C:04FBH         LINE#         150
  C:0504H         LINE#         151
  C:0504H         LINE#         152
  C:050AH         LINE#         153
  C:0511H         LINE#         154
  C:0519H         LINE#         155
  C:051CH         LINE#         156
  C:051FH         LINE#         157
  C:0526H         LINE#         158
  C:052DH         LINE#         159
  C:0530H         LINE#         160
  C:0537H         LINE#         161
  C:053FH         LINE#         162
  C:0548H         LINE#         163
  C:0550H         LINE#         164
  C:0557H         LINE#         165
  C:055CH         LINE#         166
  C:055FH         LINE#         167
  C:0562H         LINE#         168
  C:0569H         LINE#         169
  C:0570H         LINE#         170
  C:0577H         LINE#         171
  C:057AH         LINE#         172
  C:0582H         LINE#         173
  C:058AH         LINE#         174
  C:058AH         LINE#         175
  C:0593H         LINE#         176
  C:0593H         LINE#         177
  C:0599H         LINE#         178
  C:05A0H         LINE#         179
  C:05A8H         LINE#         180
  C:05ABH         LINE#         181
  C:05AEH         LINE#         182
  C:05B5H         LINE#         183
  C:05BCH         LINE#         184
  C:05BFH         LINE#         185
  C:05C6H         LINE#         186
BL51 BANKED LINKER/LOCATER V6.22                                                      08/19/2014  19:44:31  PAGE 20


  C:05CEH         LINE#         187
  C:05D7H         LINE#         188
  C:05DFH         LINE#         189
  C:05E6H         LINE#         190
  C:05EBH         LINE#         191
  C:05EEH         LINE#         192
  C:05F1H         LINE#         193
  C:05F8H         LINE#         194
  C:05FFH         LINE#         195
  C:0606H         LINE#         196
  C:0609H         LINE#         197
  C:0611H         LINE#         198
  C:0619H         LINE#         199
  C:0619H         LINE#         200
  C:0622H         LINE#         201
  C:0622H         LINE#         202
  C:0628H         LINE#         203
  C:062FH         LINE#         204
  C:0637H         LINE#         205
  C:063AH         LINE#         206
  C:063DH         LINE#         207
  C:0644H         LINE#         208
  C:064BH         LINE#         209
  C:064EH         LINE#         210
  C:0656H         LINE#         211
  C:065EH         LINE#         212
  C:0667H         LINE#         213
  C:066FH         LINE#         214
  C:0676H         LINE#         215
  C:067BH         LINE#         216
  C:067EH         LINE#         217
  C:0681H         LINE#         218
  C:0688H         LINE#         219
  C:068FH         LINE#         220
  C:0696H         LINE#         221
  C:0699H         LINE#         222
  C:06A1H         LINE#         223
  C:06A9H         LINE#         224
  C:06A9H         LINE#         225
  C:06B2H         LINE#         226
  C:06B2H         LINE#         227
  C:06B8H         LINE#         228
  C:06BFH         LINE#         229
  C:06C7H         LINE#         230
  C:06CAH         LINE#         231
  C:06CDH         LINE#         232
  C:06D4H         LINE#         233
  C:06DBH         LINE#         234
  C:06DEH         LINE#         235
  C:06E6H         LINE#         236
  C:06EEH         LINE#         237
  C:06F7H         LINE#         238
  C:06FFH         LINE#         239
  C:0706H         LINE#         240
  C:070BH         LINE#         241
  C:070EH         LINE#         242
  C:0711H         LINE#         243
BL51 BANKED LINKER/LOCATER V6.22                                                      08/19/2014  19:44:31  PAGE 21


  C:0718H         LINE#         244
  C:071FH         LINE#         245
  C:0726H         LINE#         246
  C:0729H         LINE#         247
  C:0731H         LINE#         248
  C:0739H         LINE#         249
  C:0739H         LINE#         250
  C:0742H         LINE#         251
  C:0742H         LINE#         252
  C:0748H         LINE#         253
  C:074FH         LINE#         254
  C:0757H         LINE#         255
  C:075AH         LINE#         256
  C:075DH         LINE#         257
  C:0764H         LINE#         258
  C:076BH         LINE#         259
  C:076EH         LINE#         260
  C:0776H         LINE#         261
  C:077EH         LINE#         262
  C:0787H         LINE#         263
  C:078FH         LINE#         264
  C:0796H         LINE#         265
  C:079BH         LINE#         266
  C:079EH         LINE#         267
  C:07A1H         LINE#         268
  C:07A8H         LINE#         269
  C:07AFH         LINE#         270
  C:07B5H         LINE#         271
  C:07B5H         LINE#         272
  C:07B7H         LINE#         273
  C:07BAH         LINE#         274
  C:07C4H         LINE#         275
  C:07C4H         LINE#         276
  C:07CCH         LINE#         277
  C:07CFH         LINE#         278
  C:07CFH         LINE#         279
  C:07D2H         LINE#         280
  C:07DAH         LINE#         281
  C:07E2H         LINE#         282
  C:07E4H         LINE#         283
  C:07EBH         LINE#         284
  C:07F0H         LINE#         285
  C:07F3H         LINE#         286
  C:07F6H         LINE#         287
  C:07F8H         LINE#         288
  C:07FBH         LINE#         289
  C:0803H         LINE#         290
  C:0806H         LINE#         291
  C:080BH         LINE#         292
  C:080BH         LINE#         293
  C:0813H         LINE#         294
  C:0816H         LINE#         295
  C:0816H         LINE#         297
  C:0818H         LINE#         298
  C:0818H         LINE#         301
  C:0818H         LINE#         302
  C:0820H         LINE#         303
BL51 BANKED LINKER/LOCATER V6.22                                                      08/19/2014  19:44:31  PAGE 22


  C:0828H         LINE#         304
  C:0828H         LINE#         305
  C:082BH         LINE#         306
  C:0831H         LINE#         307
  C:0834H         LINE#         308
  C:0839H         LINE#         309
  C:0839H         LINE#         310
  C:083CH         LINE#         311
  C:083CH         LINE#         312
  C:083CH         LINE#         313
  C:0845H         LINE#         314
  C:0845H         LINE#         315
  C:0847H         LINE#         316
  C:0847H         LINE#         317
  C:0847H         LINE#         318
  C:0847H         LINE#         319
  -------         ENDPROC       SETTIME
  -------         PROC          _DISPLAY_SET
  D:0007H         SYMBOL        t
  -------         DO            
  D:000CH         SYMBOL        i
  D:000DH         SYMBOL        js
  D:000EH         SYMBOL        ks
  D:000FH         SYMBOL        k
  -------         ENDDO         
  C:235EH         LINE#         331
  C:235EH         LINE#         332
  C:235EH         LINE#         335
  C:2368H         LINE#         336
  C:236EH         LINE#         338
  C:2376H         LINE#         339
  C:237EH         LINE#         340
  C:2385H         LINE#         341
  C:2388H         LINE#         342
  C:2388H         LINE#         343
  C:238BH         LINE#         344
  C:238EH         LINE#         345
  C:2392H         LINE#         346
  C:239AH         LINE#         347
  C:23AAH         LINE#         348
  C:23B1H         LINE#         349
  C:23B3H         LINE#         350
  C:23B5H         LINE#         351
  C:23B8H         LINE#         352
  C:23BDH         LINE#         353
  C:23C0H         LINE#         354
  C:23C3H         LINE#         355
  C:23C7H         LINE#         356
  C:23D0H         LINE#         357
  C:23D3H         LINE#         358
  C:23D3H         LINE#         359
  C:23D6H         LINE#         360
  C:23DEH         LINE#         361
  C:23E6H         LINE#         362
  C:23E8H         LINE#         363
  C:23EFH         LINE#         364
  C:23F4H         LINE#         365
BL51 BANKED LINKER/LOCATER V6.22                                                      08/19/2014  19:44:31  PAGE 23


  C:23F7H         LINE#         366
  C:23FAH         LINE#         367
  C:23FCH         LINE#         368
  -------         ENDPROC       _DISPLAY_SET
  -------         PROC          DISPLAY_TIME
  -------         DO            
  D:0008H         SYMBOL        i
  D:0009H         SYMBOL        j
  D:000AH         SYMBOL        js
  D:000BH         SYMBOL        ks
  D:000CH         SYMBOL        jf
  D:000DH         SYMBOL        kf
  D:000EH         SYMBOL        jm
  D:000FH         SYMBOL        km
  -------         ENDDO         
  C:100BH         LINE#         370
  C:100BH         LINE#         371
  C:100BH         LINE#         374
  C:100EH         LINE#         375
  C:100EH         LINE#         376
  C:1011H         LINE#         377
  C:1014H         LINE#         378
  C:101AH         LINE#         379
  C:101AH         LINE#         380
  C:101CH         LINE#         381
  C:101EH         LINE#         382
  C:1020H         LINE#         383
  C:1025H         LINE#         384
  C:1028H         LINE#         385
  C:1029H         LINE#         386
  C:102AH         LINE#         387
  C:102BH         LINE#         388
  C:102CH         LINE#         389
  C:102DH         LINE#         390
  C:1031H         LINE#         391
  C:1036H         LINE#         392
  C:1039H         LINE#         393
  C:103BH         LINE#         394
  C:103BH         LINE#         395
  C:1040H         LINE#         396
  C:1040H         LINE#         397
  C:1043H         LINE#         398
  C:1045H         LINE#         399
  C:1045H         LINE#         400
  C:104DH         LINE#         401
  C:1054H         LINE#         402
  C:1054H         LINE#         403
  C:105AH         LINE#         404
  C:1061H         LINE#         405
  C:1067H         LINE#         406
  C:106EH         LINE#         407
  C:1074H         LINE#         408
  C:107BH         LINE#         409
  C:1083H         LINE#         410
  C:108BH         LINE#         411
  C:1093H         LINE#         412
  C:109BH         LINE#         413
BL51 BANKED LINKER/LOCATER V6.22                                                      08/19/2014  19:44:31  PAGE 24


  C:10A3H         LINE#         414
  C:10ABH         LINE#         415
  C:10AEH         LINE#         416
  C:10AEH         LINE#         417
  C:10B1H         LINE#         418
  C:10B4H         LINE#         419
  C:10BAH         LINE#         420
  C:10C2H         LINE#         421
  C:10D2H         LINE#         422
  C:10D9H         LINE#         423
  C:10DDH         LINE#         424
  C:10DFH         LINE#         425
  C:10E1H         LINE#         426
  C:10E8H         LINE#         427
  C:10F8H         LINE#         428
  C:10FAH         LINE#         429
  C:10FCH         LINE#         430
  C:10FFH         LINE#         431
  C:1104H         LINE#         432
  C:1107H         LINE#         433
  C:110AH         LINE#         434
  C:110EH         LINE#         435
  C:1117H         LINE#         436
  C:111AH         LINE#         437
  C:111AH         LINE#         438
  C:111DH         LINE#         439
  C:1125H         LINE#         440
  C:1135H         LINE#         441
  C:1137H         LINE#         442
  C:1139H         LINE#         443
  C:1140H         LINE#         444
  C:1145H         LINE#         445
  C:1148H         LINE#         446
  C:1148H         LINE#         447
  C:1151H         LINE#         448
  C:1151H         LINE#         449
  C:1157H         LINE#         450
  C:115EH         LINE#         451
  C:1164H         LINE#         452
  C:116BH         LINE#         453
  C:1171H         LINE#         454
  C:1178H         LINE#         455
  C:1180H         LINE#         456
  C:1188H         LINE#         457
  C:1190H         LINE#         458
  C:1198H         LINE#         459
  C:11A0H         LINE#         460
  C:11A8H         LINE#         461
  C:11ABH         LINE#         462
  C:11ABH         LINE#         463
  C:11AEH         LINE#         464
  C:11B1H         LINE#         465
  C:11B7H         LINE#         466
  C:11BFH         LINE#         467
  C:11CFH         LINE#         468
  C:11D6H         LINE#         469
  C:11DAH         LINE#         470
BL51 BANKED LINKER/LOCATER V6.22                                                      08/19/2014  19:44:31  PAGE 25


  C:11DCH         LINE#         471
  C:11DEH         LINE#         472
  C:11E5H         LINE#         473
  C:11F5H         LINE#         474
  C:11F7H         LINE#         475
  C:11F9H         LINE#         476
  C:11FCH         LINE#         477
  C:1201H         LINE#         478
  C:1204H         LINE#         479
  C:1207H         LINE#         480
  C:120BH         LINE#         481
  C:1214H         LINE#         482
  C:1217H         LINE#         483
  C:1217H         LINE#         484
  C:121AH         LINE#         485
  C:1222H         LINE#         486
  C:1232H         LINE#         487
  C:1234H         LINE#         488
  C:1236H         LINE#         489
  C:123DH         LINE#         490
  C:1242H         LINE#         491
  C:1245H         LINE#         492
  C:1245H         LINE#         493
  C:1251H         LINE#         494
  -------         ENDPROC       DISPLAY_TIME
  -------         ENDMOD        TIME

  -------         MODULE        VIDEO
  C:0000H         SYMBOL        _ICE_DUMMY_
  D:0080H         PUBLIC        P0
  D:0090H         PUBLIC        P1
  D:00A0H         PUBLIC        P2
  C:22CAH         PUBLIC        _box_apeak_xy
  D:00B0H         PUBLIC        P3
  C:2D63H         PUBLIC        _clear
  D:00A8H         PUBLIC        IE
  C:1ADDH         PUBLIC        table_3p
  C:19EFH         PUBLIC        flash
  C:2D04H         PUBLIC        _delay
  C:2CDFH         PUBLIC        transss
  C:2E25H         PUBLIC        sinter
  C:19AFH         PUBLIC        table_cha
  D:00B8H         PUBLIC        IP
  C:263DH         PUBLIC        video
  C:185AH         PUBLIC        _roll_3_xy
  C:27C0H         PUBLIC        flash_1
  C:23FDH         PUBLIC        flash_2
  C:1F6BH         PUBLIC        flash_3
  D:00D8H         PUBLIC        CCON
  C:1675H         PUBLIC        flash_4
  C:001EH         PUBLIC        flash_5
  C:25B2H         PUBLIC        flash_6
  C:1D57H         PUBLIC        flash_7
  C:2C1BH         PUBLIC        flash_8
  C:0848H         PUBLIC        flash_9
  C:1B57H         PUBLIC        _line
  C:2A9AH         PUBLIC        _trans
BL51 BANKED LINKER/LOCATER V6.22                                                      08/19/2014  19:44:31  PAGE 26


  C:000EH         PUBLIC        _abss
  C:2B26H         PUBLIC        _point
  C:2744H         PUBLIC        print
  C:2834H         PUBLIC        _cirp
  C:2CA2H         PUBLIC        _poke
  C:2E09H         PUBLIC        delay5us
  C:21E9H         PUBLIC        _tranoutchar
  D:0098H         PUBLIC        SCON
  D:0088H         PUBLIC        TCON
  C:28EFH         PUBLIC        _rolldisplay
  C:2D7BH         PUBLIC        _abs
  C:1A01H         PUBLIC        table_id
  C:1A29H         PUBLIC        dat
  C:2DD1H         PUBLIC        _maxt
  C:2AF9H         PUBLIC        _type
  C:2ACCH         PUBLIC        _max
  B:00A8H.1       PUBLIC        ET0
  C:1289H         PUBLIC        _box
  D:008CH         PUBLIC        TH0
  D:008AH         PUBLIC        TL0
  C:0C30H         PUBLIC        flash_10
  C:1E66H         PUBLIC        flash_11
  C:2D32H         PUBLIC        _judgebit
  B:0088H.4       PUBLIC        TR0
  C:2945H         PUBLIC        _trailler
  C:1AA9H         PUBLIC        dat2
  C:1AC5H         PUBLIC        dat3
  C:1C42H         PUBLIC        _roll_apeak_xy
  C:2080H         PUBLIC        _roll_apeak_yz
  I:0060H         PUBLIC        display
  D:00D0H         PUBLIC        PSW
  C:2496H         PUBLIC        _boxtola
  -------         PROC          SINTER
  C:2E25H         LINE#         101
  C:2E25H         LINE#         103
  C:2E25H         LINE#         104
  C:2E28H         LINE#         105
  C:2E2AH         LINE#         106
  -------         ENDPROC       SINTER
  -------         PROC          DELAY5US
  -------         DO            
  D:0006H         SYMBOL        a
  D:0007H         SYMBOL        b
  -------         ENDDO         
  C:2E09H         LINE#         108
  C:2E09H         LINE#         109
  C:2E09H         LINE#         111
  C:2E0BH         LINE#         112
  C:2E11H         LINE#         113
  -------         ENDPROC       DELAY5US
  C:2CFDH         SYMBOL        L?0652
  C:2D00H         SYMBOL        L?0653
  -------         PROC          L?0651
  -------         ENDPROC       L?0651
  C:2CFDH         SYMBOL        L?0652
  C:2D00H         SYMBOL        L?0653
  -------         PROC          _DELAY
BL51 BANKED LINKER/LOCATER V6.22                                                      08/19/2014  19:44:31  PAGE 27


  D:0004H         SYMBOL        i
  C:2D04H         LINE#         115
  C:2D08H         LINE#         117
  C:2D08H         LINE#         119
  C:2D12H         LINE#         120
  C:2D17H         LINE#         121
  -------         ENDPROC       _DELAY
  -------         PROC          _JUDGEBIT
  D:0007H         SYMBOL        num
  D:0005H         SYMBOL        b
  -------         DO            
  D:0006H         SYMBOL        n
  -------         ENDDO         
  C:2D32H         LINE#         125
  C:2D32H         LINE#         127
  C:2D32H         LINE#         131
  C:2D3FH         LINE#         133
  C:2D42H         LINE#         135
  C:2D46H         LINE#         139
  C:2D48H         LINE#         141
  C:2D4AH         LINE#         143
  -------         ENDPROC       _JUDGEBIT
  -------         PROC          _ABS
  D:0007H         SYMBOL        a
  -------         DO            
  D:0006H         SYMBOL        b
  -------         ENDDO         
  C:2D7BH         LINE#         147
  C:2D7BH         LINE#         149
  C:2D7BH         LINE#         153
  C:2D81H         LINE#         155
  C:2D89H         LINE#         157
  C:2D8EH         LINE#         159
  C:2D8FH         LINE#         161
  C:2D91H         LINE#         163
  -------         ENDPROC       _ABS
  -------         PROC          _ABSS
  D:0007H         SYMBOL        a
  C:000EH         LINE#         167
  C:000EH         LINE#         169
  C:000EH         LINE#         171
  C:0016H         LINE#         173
  C:001AH         LINE#         175
  C:001AH         LINE#         177
  -------         ENDPROC       _ABSS
  -------         PROC          _MAX
  D:0020H         SYMBOL        a
  D:0023H         SYMBOL        b
  -------         DO            
  D:0006H         SYMBOL        t
  -------         ENDDO         
  C:2ACCH         LINE#         183
  C:2AD2H         LINE#         185
  C:2AD2H         LINE#         189
  C:2AEAH         LINE#         191
  C:2AEAH         LINE#         193
  C:2AEAH         LINE#         195
BL51 BANKED LINKER/LOCATER V6.22                                                      08/19/2014  19:44:31  PAGE 28


  C:2AEEH         LINE#         197
  C:2AF8H         LINE#         199
  C:2AF8H         LINE#         201
  -------         ENDPROC       _MAX
  -------         PROC          _MAXT
  D:0007H         SYMBOL        a
  D:0005H         SYMBOL        b
  D:0003H         SYMBOL        c
  C:2DD1H         LINE#         205
  C:2DD1H         LINE#         207
  C:2DD1H         LINE#         209
  C:2DD6H         LINE#         211
  C:2DD8H         LINE#         213
  C:2DDDH         LINE#         215
  C:2DDFH         LINE#         217
  C:2DDFH         LINE#         219
  -------         ENDPROC       _MAXT
  -------         PROC          _CLEAR
  D:0007H         SYMBOL        le
  -------         DO            
  D:0005H         SYMBOL        i
  D:0006H         SYMBOL        j
  -------         ENDDO         
  C:2D63H         LINE#         221
  C:2D63H         LINE#         223
  C:2D63H         LINE#         227
  C:2D65H         LINE#         229
  C:2D65H         LINE#         231
  C:2D67H         LINE#         233
  C:2D76H         LINE#         235
  C:2D7AH         LINE#         237
  -------         ENDPROC       _CLEAR
  -------         PROC          _TRAILLER
  D:0082H         SYMBOL        speed
  -------         DO            
  D:0002H         SYMBOL        i
  D:0003H         SYMBOL        j
  -------         ENDDO         
  C:2945H         LINE#         239
  C:2949H         LINE#         241
  C:2949H         LINE#         245
  C:2953H         LINE#         247
  C:2953H         LINE#         249
  C:295AH         LINE#         251
  C:295AH         LINE#         253
  C:295CH         LINE#         255
  C:2976H         LINE#         257
  C:2976H         LINE#         259
  C:297EH         LINE#         261
  C:297EH         LINE#         263
  C:2980H         LINE#         265
  C:298FH         LINE#         267
  C:298FH         LINE#         269
  C:2996H         LINE#         271
  C:2999H         LINE#         273
  -------         ENDPROC       _TRAILLER
  -------         PROC          _POINT
BL51 BANKED LINKER/LOCATER V6.22                                                      08/19/2014  19:44:31  PAGE 29


  D:0007H         SYMBOL        x
  D:0005H         SYMBOL        y
  D:0003H         SYMBOL        z
  D:0031H         SYMBOL        le
  -------         DO            
  D:0007H         SYMBOL        ch1
  D:0006H         SYMBOL        ch0
  -------         ENDDO         
  C:2B26H         LINE#         275
  C:2B26H         LINE#         277
  C:2B26H         LINE#         281
  C:2B32H         LINE#         283
  C:2B34H         LINE#         285
  C:2B38H         LINE#         287
  C:2B45H         LINE#         291
  C:2B51H         LINE#         293
  -------         ENDPROC       _POINT
  -------         PROC          _TYPE
  D:0007H         SYMBOL        cha
  D:0005H         SYMBOL        y
  -------         DO            
  D:0006H         SYMBOL        xx
  -------         ENDDO         
  C:2AF9H         LINE#         295
  C:2AF9H         LINE#         297
  C:2AF9H         LINE#         301
  C:2AFBH         LINE#         303
  C:2AFBH         LINE#         305
  C:2B21H         LINE#         307
  C:2B25H         LINE#         309
  -------         ENDPROC       _TYPE
  -------         PROC          L?0657
  -------         ENDPROC       L?0657
  -------         PROC          _CIRP
  D:0006H         SYMBOL        cpp
  D:0005H         SYMBOL        dir
  D:0001H         SYMBOL        le
  -------         DO            
  D:0007H         SYMBOL        a
  D:0005H         SYMBOL        b
  D:0003H         SYMBOL        c
  D:0004H         SYMBOL        cp
  -------         ENDDO         
  C:2834H         LINE#         319
  C:2838H         LINE#         321
  C:2838H         LINE#         325
  C:2861H         LINE#         327
  C:2861H         LINE#         329
  C:2864H         LINE#         331
  C:286BH         LINE#         335
  C:286DH         LINE#         337
  C:2878H         LINE#         339
  C:287EH         LINE#         341
  C:2883H         LINE#         343
  C:288BH         LINE#         345
  C:288FH         LINE#         347
  C:2894H         LINE#         349
BL51 BANKED LINKER/LOCATER V6.22                                                      08/19/2014  19:44:31  PAGE 30


  C:2894H         LINE#         351
  -------         ENDPROC       _CIRP
  -------         PROC          L?0648
  -------         ENDPROC       L?0648
  -------         PROC          _LINE
  D:0001H         SYMBOL        x1
  D:0004H         SYMBOL        y1
  D:0006H         SYMBOL        z1
  D:0023H         SYMBOL        x2
  D:0024H         SYMBOL        y2
  D:0025H         SYMBOL        z2
  D:0026H         SYMBOL        le
  -------         DO            
  D:0027H         SYMBOL        t
  D:0028H         SYMBOL        a
  D:0029H         SYMBOL        b
  D:002AH         SYMBOL        c
  D:002BH         SYMBOL        a1
  D:002CH         SYMBOL        b1
  D:002DH         SYMBOL        c1
  D:0002H         SYMBOL        i
  -------         ENDDO         
  C:1B57H         LINE#         353
  C:1B5DH         LINE#         355
  C:1B5DH         LINE#         359
  C:1B63H         LINE#         361
  C:1B69H         LINE#         363
  C:1B6FH         LINE#         365
  C:1B8BH         LINE#         367
  C:1B92H         LINE#         369
  C:1B99H         LINE#         371
  C:1BA0H         LINE#         373
  C:1BBDH         LINE#         375
  C:1BD4H         LINE#         377
  C:1BEEH         LINE#         379
  C:1BFCH         LINE#         381
  C:1BFCH         LINE#         383
  C:1C1BH         LINE#         385
  C:1C21H         LINE#         387
  C:1C27H         LINE#         389
  C:1C2DH         LINE#         391
  C:1C30H         LINE#         393
  -------         ENDPROC       _LINE
  C:1285H         SYMBOL        L?0650
  -------         PROC          L?0649
  -------         ENDPROC       L?0649
  C:1285H         SYMBOL        L?0650
  -------         PROC          _BOX
  D:0017H         SYMBOL        x1
  D:0018H         SYMBOL        y1
  D:0019H         SYMBOL        z1
  D:001AH         SYMBOL        x2
  D:001BH         SYMBOL        y2
  D:001CH         SYMBOL        z2
  D:001DH         SYMBOL        fill
  D:001EH         SYMBOL        le
  -------         DO            
BL51 BANKED LINKER/LOCATER V6.22                                                      08/19/2014  19:44:31  PAGE 31


  D:0007H         SYMBOL        i
  D:0004H         SYMBOL        j
  D:001FH         SYMBOL        t
  -------         ENDDO         
  C:1289H         LINE#         397
  C:128FH         LINE#         399
  C:128FH         LINE#         401
  C:1292H         LINE#         403
  C:12A2H         LINE#         405
  C:12B4H         LINE#         407
  C:12C6H         LINE#         409
  C:12CEH         LINE#         411
  C:12DEH         LINE#         413
  C:12E2H         LINE#         415
  C:12E5H         LINE#         417
  C:12E9H         LINE#         419
  C:12E9H         LINE#         421
  C:12EDH         LINE#         423
  C:12EDH         LINE#         425
  C:12F8H         LINE#         427
  C:12F8H         LINE#         429
  C:1300H         LINE#         431
  C:1310H         LINE#         433
  C:1313H         LINE#         435
  C:1313H         LINE#         439
  C:1313H         LINE#         441
  C:131EH         LINE#         443
  C:131EH         LINE#         445
  C:1326H         LINE#         447
  C:1336H         LINE#         449
  C:1339H         LINE#         451
  C:1339H         LINE#         453
  C:1339H         LINE#         457
  C:1339H         LINE#         459
  C:133DH         LINE#         461
  C:133DH         LINE#         463
  C:134CH         LINE#         465
  C:135BH         LINE#         467
  C:136AH         LINE#         469
  C:1379H         LINE#         471
  C:137BH         LINE#         475
  C:137BH         LINE#         477
  C:138AH         LINE#         479
  C:1399H         LINE#         481
  C:13A8H         LINE#         483
  C:13B7H         LINE#         485
  C:13B7H         LINE#         487
  C:13D5H         LINE#         489
  C:13D9H         LINE#         491
  C:13DCH         LINE#         493
  C:13E0H         LINE#         495
  C:13E0H         LINE#         497
  C:13E8H         LINE#         499
  C:13E8H         LINE#         501
  C:13F0H         LINE#         503
  C:1400H         LINE#         505
  C:1409H         LINE#         507
BL51 BANKED LINKER/LOCATER V6.22                                                      08/19/2014  19:44:31  PAGE 32


  C:1411H         LINE#         509
  C:1411H         LINE#         511
  C:1419H         LINE#         513
  C:1429H         LINE#         515
  C:1432H         LINE#         517
  C:1432H         LINE#         521
  C:1432H         LINE#         523
  C:143AH         LINE#         525
  C:143AH         LINE#         527
  C:1442H         LINE#         529
  C:1442H         LINE#         531
  C:144FH         LINE#         533
  C:1452H         LINE#         535
  C:145BH         LINE#         537
  C:1463H         LINE#         539
  C:1463H         LINE#         541
  C:146BH         LINE#         543
  C:146BH         LINE#         545
  C:1478H         LINE#         547
  C:147BH         LINE#         549
  C:1484H         LINE#         551
  C:1484H         LINE#         553
  C:1484H         LINE#         555
  -------         ENDPROC       _BOX
  C:22AEH         SYMBOL        L?0644
  C:22C6H         SYMBOL        L?0645
  -------         PROC          L?0643
  -------         ENDPROC       L?0643
  C:22AEH         SYMBOL        L?0644
  C:22C6H         SYMBOL        L?0645
  -------         PROC          _BOX_APEAK_XY
  D:0017H         SYMBOL        x1
  D:0018H         SYMBOL        y1
  D:0019H         SYMBOL        z1
  D:001AH         SYMBOL        x2
  D:001BH         SYMBOL        y2
  D:001CH         SYMBOL        z2
  D:001DH         SYMBOL        fill
  D:001EH         SYMBOL        le
  -------         DO            
  D:001FH         SYMBOL        i
  -------         ENDDO         
  C:22CAH         LINE#         557
  C:22D0H         LINE#         559
  C:22D0H         LINE#         563
  C:22E2H         LINE#         565
  C:22E6H         LINE#         567
  C:22E6H         LINE#         569
  C:22F0H         LINE#         571
  C:22F0H         LINE#         573
  C:2305H         LINE#         575
  C:2309H         LINE#         577
  C:2309H         LINE#         581
  C:2309H         LINE#         583
  C:231EH         LINE#         585
  C:2333H         LINE#         587
  C:2348H         LINE#         589
BL51 BANKED LINKER/LOCATER V6.22                                                      08/19/2014  19:44:31  PAGE 33


  C:235DH         LINE#         591
  C:235DH         LINE#         593
  -------         ENDPROC       _BOX_APEAK_XY
  -------         PROC          _POKE
  D:005EH         SYMBOL        n
  D:0002H         SYMBOL        x
  D:0004H         SYMBOL        y
  -------         DO            
  D:0001H         SYMBOL        i
  -------         ENDDO         
  C:2CA2H         LINE#         595
  C:2CA8H         LINE#         597
  C:2CA8H         LINE#         601
  C:2CAAH         LINE#         603
  C:2CAAH         LINE#         605
  C:2CBCH         LINE#         607
  C:2CC0H         LINE#         609
  -------         ENDPROC       _POKE
  -------         PROC          _BOXTOLA
  D:005CH         SYMBOL        i
  D:005DH         SYMBOL        n
  C:2496H         LINE#         611
  C:249AH         LINE#         613
  C:249AH         LINE#         615
  C:24BCH         LINE#         617
  C:24BCH         LINE#         619
  C:24C9H         LINE#         621
  C:24C9H         LINE#         623
  C:24EBH         LINE#         625
  C:24EBH         LINE#         627
  C:24F7H         LINE#         629
  C:24F7H         LINE#         631
  C:2519H         LINE#         633
  C:2519H         LINE#         635
  C:2525H         LINE#         637
  C:2525H         LINE#         641
  -------         ENDPROC       _BOXTOLA
  -------         PROC          _ROLLDISPLAY
  D:0055H         SYMBOL        speed
  -------         DO            
  D:0057H         SYMBOL        j
  D:0058H         SYMBOL        i
  D:0007H         SYMBOL        a
  -------         ENDDO         
  C:28EFH         LINE#         643
  C:28F3H         LINE#         645
  C:28F3H         LINE#         651
  C:28FFH         LINE#         653
  C:28FFH         LINE#         655
  C:2902H         LINE#         657
  C:2902H         LINE#         659
  C:2907H         LINE#         661
  C:2926H         LINE#         663
  C:2930H         LINE#         665
  C:2939H         LINE#         667
  C:2940H         LINE#         669
  C:2944H         LINE#         671
BL51 BANKED LINKER/LOCATER V6.22                                                      08/19/2014  19:44:31  PAGE 34


  -------         ENDPROC       _ROLLDISPLAY
  C:205FH         SYMBOL        L?0647
  -------         PROC          L?0646
  -------         ENDPROC       L?0646
  C:205FH         SYMBOL        L?0647
  -------         PROC          _ROLL_APEAK_YZ
  D:0007H         SYMBOL        n
  D:0082H         SYMBOL        speed
  -------         DO            
  D:0003H         SYMBOL        i
  -------         ENDDO         
  C:2080H         LINE#         673
  C:2084H         LINE#         675
  C:2084H         LINE#         679
  C:2095H         LINE#         681
  C:2095H         LINE#         683
  C:2095H         LINE#         685
  C:2097H         LINE#         687
  C:2097H         LINE#         689
  C:20A1H         LINE#         691
  C:20AEH         LINE#         693
  C:20B5H         LINE#         695
  C:20BAH         LINE#         697
  C:20BAH         LINE#         699
  C:20BAH         LINE#         701
  C:20BCH         LINE#         703
  C:20BCH         LINE#         705
  C:20C9H         LINE#         707
  C:20D6H         LINE#         709
  C:20DDH         LINE#         711
  C:20E2H         LINE#         713
  C:20E2H         LINE#         715
  C:20E2H         LINE#         717
  C:20E4H         LINE#         719
  C:20E4H         LINE#         721
  C:20F1H         LINE#         723
  C:20F7H         LINE#         725
  C:20FEH         LINE#         727
  C:2103H         LINE#         729
  C:2103H         LINE#         731
  C:2103H         LINE#         733
  C:2105H         LINE#         735
  C:2105H         LINE#         737
  C:210BH         LINE#         739
  C:2115H         LINE#         741
  C:211CH         LINE#         743
  C:2120H         LINE#         745
  C:2120H         LINE#         747
  -------         ENDPROC       _ROLL_APEAK_YZ
  C:1C3CH         SYMBOL        L?0655
  -------         PROC          L?0654
  -------         ENDPROC       L?0654
  C:1C3CH         SYMBOL        L?0655
  -------         PROC          _ROLL_APEAK_XY
  D:0007H         SYMBOL        n
  D:0082H         SYMBOL        speed
  -------         DO            
BL51 BANKED LINKER/LOCATER V6.22                                                      08/19/2014  19:44:31  PAGE 35


  D:0017H         SYMBOL        i
  -------         ENDDO         
  C:1C42H         LINE#         749
  C:1C46H         LINE#         751
  C:1C46H         LINE#         755
  C:1C5DH         LINE#         757
  C:1C5DH         LINE#         759
  C:1C5DH         LINE#         761
  C:1C60H         LINE#         763
  C:1C60H         LINE#         765
  C:1C72H         LINE#         767
  C:1C88H         LINE#         769
  C:1C8FH         LINE#         771
  C:1C99H         LINE#         773
  C:1C99H         LINE#         775
  C:1C99H         LINE#         777
  C:1C9CH         LINE#         779
  C:1C9CH         LINE#         781
  C:1CB0H         LINE#         783
  C:1CC8H         LINE#         785
  C:1CCFH         LINE#         787
  C:1CD9H         LINE#         789
  C:1CD9H         LINE#         791
  C:1CD9H         LINE#         793
  C:1CDCH         LINE#         795
  C:1CDCH         LINE#         797
  C:1CF3H         LINE#         799
  C:1D09H         LINE#         801
  C:1D10H         LINE#         803
  C:1D1AH         LINE#         805
  C:1D1AH         LINE#         807
  C:1D1AH         LINE#         809
  C:1D1DH         LINE#         811
  C:1D1DH         LINE#         813
  C:1D32H         LINE#         815
  C:1D46H         LINE#         817
  C:1D4DH         LINE#         819
  C:1D56H         LINE#         821
  C:1D56H         LINE#         823
  -------         ENDPROC       _ROLL_APEAK_XY
  -------         PROC          L?0656
  -------         ENDPROC       L?0656
  -------         PROC          _ROLL_3_XY
  D:0007H         SYMBOL        n
  D:000BH         SYMBOL        speed
  -------         DO            
  D:000DH         SYMBOL        i
  -------         ENDDO         
  C:185AH         LINE#         825
  C:185EH         LINE#         827
  C:185EH         LINE#         831
  C:1875H         LINE#         833
  C:1875H         LINE#         835
  C:1875H         LINE#         837
  C:1878H         LINE#         839
  C:1878H         LINE#         841
  C:1893H         LINE#         843
BL51 BANKED LINKER/LOCATER V6.22                                                      08/19/2014  19:44:31  PAGE 36


  C:189AH         LINE#         845
  C:18A1H         LINE#         847
  C:18B7H         LINE#         849
  C:18C1H         LINE#         851
  C:18C1H         LINE#         853
  C:18C1H         LINE#         855
  C:18C4H         LINE#         857
  C:18C4H         LINE#         859
  C:18DFH         LINE#         861
  C:18E6H         LINE#         863
  C:18EDH         LINE#         865
  C:1904H         LINE#         867
  C:190EH         LINE#         869
  C:190EH         LINE#         871
  C:190EH         LINE#         873
  C:1911H         LINE#         875
  C:1911H         LINE#         877
  C:192CH         LINE#         879
  C:1933H         LINE#         881
  C:193AH         LINE#         883
  C:1955H         LINE#         885
  C:195FH         LINE#         887
  C:195FH         LINE#         889
  C:195FH         LINE#         891
  C:1962H         LINE#         893
  C:1962H         LINE#         895
  C:197DH         LINE#         897
  C:1984H         LINE#         899
  C:198BH         LINE#         901
  C:19A5H         LINE#         903
[...]
  C:03EEH         LINE#         1540
  C:03FCH         LINE#         1542
  C:0411H         LINE#         1544
  C:041CH         LINE#         1546
  C:041FH         LINE#         1548
  C:041FH         LINE#         1550
  C:042CH         LINE#         1552
  C:0432H         LINE#         1554
  C:0439H         LINE#         1556
  C:0440H         LINE#         1558
  C:0443H         LINE#         1560
  -------         ENDPROC       FLASH_5
  -------         PROC          FLASH_6
  -------         DO            
  D:0008H         SYMBOL        i
  D:0009H         SYMBOL        j
  D:0001H         SYMBOL        k
  D:0002H         SYMBOL        z
BL51 BANKED LINKER/LOCATER V6.22                                                      08/19/2014  19:44:31  PAGE 43


  -------         ENDDO         
  C:25B2H         LINE#         1562
  C:25B2H         LINE#         1564
  C:25B2H         LINE#         1568
  C:25B2H         LINE#         1570
  C:25B2H         LINE#         1572
  C:25B2H         LINE#         1574
  C:25B2H         LINE#         1576
  C:25B2H         LINE#         1578
  C:25B5H         LINE#         1580
  C:25BEH         LINE#         1582
  C:25C1H         LINE#         1584
  C:25C1H         LINE#         1586
  C:25C4H         LINE#         1588
  C:25C4H         LINE#         1590
  C:25C6H         LINE#         1592
  C:25C6H         LINE#         1594
  C:25EFH         LINE#         1596
  C:25EFH         LINE#         1598
  C:25F1H         LINE#         1600
  C:25F1H         LINE#         1602
  C:2600H         LINE#         1604
  C:2605H         LINE#         1606
  C:2612H         LINE#         1608
  C:2619H         LINE#         1610
  C:261DH         LINE#         1612
  C:261DH         LINE#         1614
  C:2621H         LINE#         1616
  C:262AH         LINE#         1618
  C:2633H         LINE#         1620
  C:263CH         LINE#         1622
  -------         ENDPROC       FLASH_6
  -------         PROC          FLASH_7
  -------         DO            
  D:0008H         SYMBOL        i
  D:0009H         SYMBOL        a
  -------         ENDDO         
  C:1D57H         LINE#         1624
  C:1D57H         LINE#         1626
  C:1D57H         LINE#         1630
  C:1D5DH         LINE#         1632
  C:1D66H         LINE#         1634
  C:1D66H         LINE#         1636
  C:1D66H         LINE#         1638
  C:1D66H         LINE#         1640
  C:1D66H         LINE#         1642
  C:1D66H         LINE#         1644
  C:1D69H         LINE#         1646
  C:1D69H         LINE#         1648
  C:1D69H         LINE#         1650
  C:1D69H         LINE#         1652
  C:1D6CH         LINE#         1654
  C:1D75H         LINE#         1656
  C:1D78H         LINE#         1658
  C:1D81H         LINE#         1660
  C:1D8AH         LINE#         1662
  C:1D93H         LINE#         1664
BL51 BANKED LINKER/LOCATER V6.22                                                      08/19/2014  19:44:31  PAGE 44


  C:1D96H         LINE#         1666
  C:1D9FH         LINE#         1668
  C:1DA8H         LINE#         1670
  C:1DABH         LINE#         1672
  C:1DABH         LINE#         1674
  C:1DC6H         LINE#         1676
  C:1DCDH         LINE#         1678
  C:1DD6H         LINE#         1680
  C:1DDDH         LINE#         1682
  C:1DE6H         LINE#         1684
  C:1DE6H         LINE#         1686
  C:1DE9H         LINE#         1688
  C:1DF0H         LINE#         1690
  C:1DF9H         LINE#         1692
  C:1E00H         LINE#         1694
  C:1E09H         LINE#         1696
  C:1E10H         LINE#         1698
  C:1E19H         LINE#         1700
  C:1E19H         LINE#         1702
  C:1E1CH         LINE#         1704
  C:1E23H         LINE#         1706
  C:1E2CH         LINE#         1708
  C:1E33H         LINE#         1710
  C:1E3CH         LINE#         1712
  C:1E3FH         LINE#         1714
  C:1E3FH         LINE#         1716
  C:1E55H         LINE#         1718
  C:1E5CH         LINE#         1720
  C:1E65H         LINE#         1722
  -------         ENDPROC       FLASH_7
  -------         PROC          FLASH_8
  -------         DO            
  D:0008H         SYMBOL        i
  -------         ENDDO         
  C:2C1BH         LINE#         1724
  C:2C1BH         LINE#         1726
  C:2C1BH         LINE#         1730
  C:2C1EH         LINE#         1732
  C:2C1EH         LINE#         1734
  C:2C27H         LINE#         1736
  C:2C2EH         LINE#         1738
  C:2C35H         LINE#         1740
  C:2C3EH         LINE#         1742
  -------         ENDPROC       FLASH_8
  -------         PROC          FLASH_9
  -------         DO            
  D:0008H         SYMBOL        i
  D:0009H         SYMBOL        j
  D:000AH         SYMBOL        an
  D:0012H         SYMBOL        x
  D:0013H         SYMBOL        y
  D:0014H         SYMBOL        t
  D:0015H         SYMBOL        x1
  D:0016H         SYMBOL        y1
  -------         ENDDO         
  C:0848H         LINE#         1744
  C:0848H         LINE#         1746
BL51 BANKED LINKER/LOCATER V6.22                                                      08/19/2014  19:44:31  PAGE 45


  C:0848H         LINE#         1752
  C:084BH         LINE#         1754
  C:084BH         LINE#         1756
  C:0862H         LINE#         1758
  C:0866H         LINE#         1760
  C:087BH         LINE#         1762
  C:087EH         LINE#         1764
  C:0889H         LINE#         1766
  C:0892H         LINE#         1768
  C:089BH         LINE#         1770
  C:089EH         LINE#         1772
  C:08A1H         LINE#         1774
  C:08A1H         LINE#         1776
  C:08BCH         LINE#         1778
  C:08D0H         LINE#         1780
  C:08D3H         LINE#         1782
  C:08DEH         LINE#         1784
  C:08E1H         LINE#         1786
  C:08EFH         LINE#         1788
  C:08F2H         LINE#         1790
  C:08F2H         LINE#         1792
  C:08F7H         LINE#         1794
  C:08FAH         LINE#         1796
  C:08FAH         LINE#         1798
  C:08FAH         LINE#         1800
  C:08FAH         LINE#         1802
  C:08FAH         LINE#         1804
  C:08FAH         LINE#         1806
  C:08FAH         LINE#         1808
  C:08FAH         LINE#         1810
  C:08FDH         LINE#         1812
  C:0906H         LINE#         1814
  C:0909H         LINE#         1816
  C:0909H         LINE#         1818
  C:093AH         LINE#         1820
  C:0940H         LINE#         1822
  C:0947H         LINE#         1824
  C:094EH         LINE#         1826
  C:0959H         LINE#         1828
  C:095CH         LINE#         1830
  C:095CH         LINE#         1832
  C:0961H         LINE#         1834
  C:0964H         LINE#         1836
  C:0964H         LINE#         1838
  C:0964H         LINE#         1840
  C:0964H         LINE#         1842
  C:0964H         LINE#         1844
  C:0964H         LINE#         1846
  C:0964H         LINE#         1848
  C:0964H         LINE#         1850
  C:0967H         LINE#         1852
  C:0970H         LINE#         1854
  C:0973H         LINE#         1856
  C:0973H         LINE#         1858
  C:09A4H         LINE#         1860
  C:09AAH         LINE#         1862
  C:09B1H         LINE#         1864
BL51 BANKED LINKER/LOCATER V6.22                                                      08/19/2014  19:44:31  PAGE 46


  C:09B8H         LINE#         1866
  C:09C3H         LINE#         1868
  C:09C6H         LINE#         1870
  C:09C6H         LINE#         1872
  C:09CBH         LINE#         1876
  C:09D4H         LINE#         1878
  C:09E1H         LINE#         1880
  C:09E8H         LINE#         1882
  C:09FAH         LINE#         1884
  C:0A04H         LINE#         1886
  C:0A0BH         LINE#         1888
  C:0A21H         LINE#         1890
  C:0A39H         LINE#         1892
  C:0A3BH         LINE#         1894
  C:0A42H         LINE#         1896
  C:0A50H         LINE#         1898
  C:0A53H         LINE#         1900
  C:0A53H         LINE#         1902
  C:0A58H         LINE#         1906
  C:0A61H         LINE#         1908
  C:0A6EH         LINE#         1910
  C:0A75H         LINE#         1912
  C:0A87H         LINE#         1914
  C:0A91H         LINE#         1916
  C:0A98H         LINE#         1918
  C:0AAFH         LINE#         1920
  C:0AB1H         LINE#         1922
  C:0AB8H         LINE#         1924
  C:0AC3H         LINE#         1926
  C:0AC6H         LINE#         1928
  C:0AC6H         LINE#         1930
  C:0AD8H         LINE#         1932
  C:0ADFH         LINE#         1934
  C:0AEAH         LINE#         1936
  C:0AEDH         LINE#         1938
  C:0AEDH         LINE#         1940
  C:0B02H         LINE#         1942
  C:0B09H         LINE#         1944
  C:0B14H         LINE#         1946
  C:0B17H         LINE#         1948
  C:0B17H         LINE#         1950
  C:0B1CH         LINE#         1952
  C:0B3BH         LINE#         1954
  C:0B3EH         LINE#         1956
  C:0B49H         LINE#         1958
  C:0B4CH         LINE#         1960
  C:0B4CH         LINE#         1962
  C:0B51H         LINE#         1964
  C:0B6CH         LINE#         1966
  C:0B6FH         LINE#         1968
  C:0B7AH         LINE#         1970
  C:0B7DH         LINE#         1972
  C:0B7DH         LINE#         1974
  C:0B82H         LINE#         1976
  C:0B96H         LINE#         1978
  C:0B99H         LINE#         1980
  C:0BA4H         LINE#         1982
BL51 BANKED LINKER/LOCATER V6.22                                                      08/19/2014  19:44:31  PAGE 47


  C:0BA7H         LINE#         1984
  C:0BA7H         LINE#         1986
  C:0BACH         LINE#         1988
  C:0BC5H         LINE#         1990
  C:0BC8H         LINE#         1992
  C:0BD3H         LINE#         1994
  C:0BD6H         LINE#         1996
  C:0BD6H         LINE#         1998
  C:0BF1H         LINE#         2000
  C:0BF4H         LINE#         2002
  C:0BFFH         LINE#         2004
  C:0C02H         LINE#         2006
  C:0C02H         LINE#         2008
  C:0C07H         LINE#         2010
  C:0C21H         LINE#         2012
  C:0C24H         LINE#         2014
  C:0C2FH         LINE#         2016
  -------         ENDPROC       FLASH_9
  -------         PROC          FLASH_10
  -------         DO            
  D:0008H         SYMBOL        i
  D:0009H         SYMBOL        j
  D:000AH         SYMBOL        an
  D:000EH         SYMBOL        x
  D:000FH         SYMBOL        y
  D:0010H         SYMBOL        t
  -------         ENDDO         
  C:0C30H         LINE#         2018
  C:0C30H         LINE#         2020
  C:0C30H         LINE#         2024
  C:0C33H         LINE#         2026
  C:0C33H         LINE#         2030
  C:0C38H         LINE#         2032
  C:0C4EH         LINE#         2034
  C:0C70H         LINE#         2036
  C:0C8AH         LINE#         2038
  C:0CAAH         LINE#         2040
  C:0CCAH         LINE#         2042
  C:0CEAH         LINE#         2044
  C:0D0CH         LINE#         2046
  C:0D2AH         LINE#         2048
  C:0D31H         LINE#         2050
  C:0D3DH         LINE#         2052
  C:0D40H         LINE#         2054
  C:0D40H         LINE#         2056
  C:0D4EH         LINE#         2058
  C:0D55H         LINE#         2060
  C:0D58H         LINE#         2062
  C:0D58H         LINE#         2064
  C:0D5DH         LINE#         2066
  C:0D60H         LINE#         2068
  C:0D60H         LINE#         2070
  C:0D60H         LINE#         2072
  C:0D60H         LINE#         2074
  C:0D60H         LINE#         2076
  C:0D63H         LINE#         2078
  C:0D7BH         LINE#         2080
BL51 BANKED LINKER/LOCATER V6.22                                                      08/19/2014  19:44:31  PAGE 48


  C:0D84H         LINE#         2082
  C:0D87H         LINE#         2084
  C:0D94H         LINE#         2086
  C:0D97H         LINE#         2088
  C:0DA0H         LINE#         2090
  C:0DA3H         LINE#         2092
  C:0DA3H         LINE#         2094
  C:0DA8H         LINE#         2096
  C:0DABH         LINE#         2098
  C:0DABH         LINE#         2100
  C:0DABH         LINE#         2102
  C:0DABH         LINE#         2104
  C:0DABH         LINE#         2106
  C:0DAEH         LINE#         2108
  C:0DC6H         LINE#         2110
  C:0DCFH         LINE#         2112
  C:0DD2H         LINE#         2114
  C:0DDFH         LINE#         2116
  C:0DE2H         LINE#         2118
  C:0DEBH         LINE#         2120
  C:0DEEH         LINE#         2122
  C:0DEEH         LINE#         2124
  C:0DF3H         LINE#         2126
  C:0DF6H         LINE#         2128
  C:0DF6H         LINE#         2130
  C:0E03H         LINE#         2132
  C:0E0FH         LINE#         2134
  C:0E14H         LINE#         2136
  C:0E30H         LINE#         2138
  C:0E4CH         LINE#         2140
  C:0E55H         LINE#         2142
  C:0E58H         LINE#         2144
  C:0E65H         LINE#         2146
  C:0E68H         LINE#         2148
  C:0E74H         LINE#         2150
  C:0E77H         LINE#         2152
  C:0E77H         LINE#         2154
  C:0E7CH         LINE#         2156
  C:0E7FH         LINE#         2158
  C:0E7FH         LINE#         2160
  C:0E8CH         LINE#         2162
  C:0E98H         LINE#         2164
  C:0E9DH         LINE#         2166
  C:0EB9H         LINE#         2168
  C:0ED5H         LINE#         2170
  C:0EDEH         LINE#         2172
  C:0EE1H         LINE#         2174
  C:0EEEH         LINE#         2176
  C:0EF1H         LINE#         2178
  C:0EFDH         LINE#         2180
  C:0F00H         LINE#         2182
  C:0F00H         LINE#         2186
  C:0F05H         LINE#         2188
  C:0F1BH         LINE#         2190
  C:0F3DH         LINE#         2192
  C:0F57H         LINE#         2194
  C:0F77H         LINE#         2196
BL51 BANKED LINKER/LOCATER V6.22                                                      08/19/2014  19:44:31  PAGE 49


  C:0F97H         LINE#         2198
  C:0FB7H         LINE#         2200
  C:0FD9H         LINE#         2202
  C:0FF7H         LINE#         2204
  C:0FFEH         LINE#         2206
  C:100AH         LINE#         2208
  -------         ENDPROC       FLASH_10
  -------         PROC          FLASH_11
  -------         DO            
  D:0008H         SYMBOL        i
  D:0009H         SYMBOL        j
  D:000AH         SYMBOL        t
  D:000BH         SYMBOL        x
  D:000CH         SYMBOL        y
  C:1AF5H         SYMBOL        daa
  -------         ENDDO         
  C:1E66H         LINE#         2210
  C:1E66H         LINE#         2212
  C:1E66H         LINE#         2218
  C:1E69H         LINE#         2220
  C:1E69H         LINE#         2222
  C:1E6CH         LINE#         2224
  C:1E6CH         LINE#         2226
  C:1E78H         LINE#         2228
  C:1E78H         LINE#         2230
  C:1E7DH         LINE#         2232
  C:1E8FH         LINE#         2234
  C:1E91H         LINE#         2238
  C:1E99H         LINE#         2240
  C:1EACH         LINE#         2242
  C:1EACH         LINE#         2244
  C:1EAFH         LINE#         2246
  C:1EB8H         LINE#         2248
  C:1EC1H         LINE#         2250
  C:1EC4H         LINE#         2252
  C:1EC4H         LINE#         2254
  C:1ECBH         LINE#         2256
  C:1ED0H         LINE#         2260
  C:1ED3H         LINE#         2262
  C:1EDDH         LINE#         2264
  C:1EDDH         LINE#         2266
  C:1EE9H         LINE#         2268
  C:1EEEH         LINE#         2270
  C:1F0AH         LINE#         2272
  C:1F0AH         LINE#         2274
  C:1F0DH         LINE#         2276
  C:1F15H         LINE#         2278
  C:1F1EH         LINE#         2280
  C:1F21H         LINE#         2282
  C:1F21H         LINE#         2284
  C:1F28H         LINE#         2286
  C:1F2DH         LINE#         2290
  C:1F30H         LINE#         2292
  C:1F3AH         LINE#         2294
  C:1F3AH         LINE#         2296
  C:1F46H         LINE#         2298
  C:1F4BH         LINE#         2300
BL51 BANKED LINKER/LOCATER V6.22                                                      08/19/2014  19:44:31  PAGE 50


  C:1F56H         LINE#         2302
  C:1F56H         LINE#         2304
  C:1F59H         LINE#         2306
  C:1F61H         LINE#         2308
  C:1F6AH         LINE#         2310
  -------         ENDPROC       FLASH_11
  -------         PROC          VIDEO
  C:263DH         LINE#         2311
  C:263DH         LINE#         2313
  C:263DH         LINE#         2314
  C:2640H         LINE#         2315
  C:2642H         LINE#         2316
  C:2645H         LINE#         2317
  C:2647H         LINE#         2318
  C:2649H         LINE#         2320
  C:264EH         LINE#         2321
  C:264EH         LINE#         2322
  C:264EH         LINE#         2336
  C:2658H         LINE#         2337
  C:268DH         LINE#         2338
  C:268DH         LINE#         2339
  C:2692H         LINE#         2340
  C:2697H         LINE#         2341
  C:269CH         LINE#         2342
  C:26A1H         LINE#         2343
  C:26A6H         LINE#         2344
  C:26ABH         LINE#         2345
  C:26B0H         LINE#         2346
  C:26B5H         LINE#         2347
  C:26BAH         LINE#         2348
  C:26BFH         LINE#         2349
  C:26BFH         LINE#         2350
  C:26C1H         LINE#         2351
  -------         ENDPROC       VIDEO
  -------         PROC          PRINT
  -------         DO            
  D:0003H         SYMBOL        i
  D:005FH         SYMBOL        layer
  -------         ENDDO         
  C:2744H         LINE#         2360
  C:2759H         LINE#         2368
  C:275CH         LINE#         2370
  C:275EH         LINE#         2372
  C:275EH         LINE#         2374
  C:276BH         LINE#         2376
  C:2772H         LINE#         2378
  C:277FH         LINE#         2380
  C:2786H         LINE#         2382
  C:278AH         LINE#         2384
  C:2799H         LINE#         2386
  C:27A0H         LINE#         2388
  C:27A4H         LINE#         2392
  C:27A7H         LINE#         2394
  C:27AAH         LINE#         2396
  C:27ADH         LINE#         2397
  -------         ENDPROC       PRINT
  -------         ENDMOD        VIDEO
BL51 BANKED LINKER/LOCATER V6.22                                                      08/19/2014  19:44:31  PAGE 51



  -------         MODULE        ?C?CLDPTR
  C:2121H         PUBLIC        ?C?CLDPTR
  -------         ENDMOD        ?C?CLDPTR

  -------         MODULE        ?C?CSTPTR
  C:213AH         PUBLIC        ?C?CSTPTR
  -------         ENDMOD        ?C?CSTPTR

  -------         MODULE        ?C?IMUL
  C:214CH         PUBLIC        ?C?IMUL
  -------         ENDMOD        ?C?IMUL

  -------         MODULE        ?C?UIDIV
  C:215EH         PUBLIC        ?C?UIDIV
  -------         ENDMOD        ?C?UIDIV

  -------         MODULE        ?C?SIDIV
  C:21B3H         PUBLIC        ?C?SIDIV
  -------         ENDMOD        ?C?SIDIV

*** WARNING L16: UNCALLED SEGMENT, IGNORED FOR OVERLAY PROCESS
    SEGMENT: ?PR?FLASH_1?VIDEO

*** WARNING L16: UNCALLED SEGMENT, IGNORED FOR OVERLAY PROCESS
    SEGMENT: ?PR?FLASH_5?VIDEO

Program Size: data=161.0 xdata=33 code=11817
LINK/LOCATE RUN COMPLETE.  2 WARNING(S),  0 ERROR(S)
